Archive member included to satisfy reference by file (symbol)

c:/nxp/mcuxpressoide_11.1.0_3209/ide/plugins/com.nxp.mcuxpresso.tools.win32_11.1.0.201909161352/tools/bin/../lib/gcc/arm-none-eabi/8.3.1/../../../../arm-none-eabi/lib/thumb/v7e-m+fp/hard\libcr_nohost_nf.a(_cr__main.o)
                              ./startup/startup_mimxrt1011.o (__main)
c:/nxp/mcuxpressoide_11.1.0_3209/ide/plugins/com.nxp.mcuxpresso.tools.win32_11.1.0.201909161352/tools/bin/../lib/gcc/arm-none-eabi/8.3.1/../../../../arm-none-eabi/lib/thumb/v7e-m+fp/hard\libcr_nohost_nf.a(_cr_assert.o)
                              ./utilities/fsl_debug_console.o (__assertion_failed)
c:/nxp/mcuxpressoide_11.1.0_3209/ide/plugins/com.nxp.mcuxpresso.tools.win32_11.1.0.201909161352/tools/bin/../lib/gcc/arm-none-eabi/8.3.1/../../../../arm-none-eabi/lib/thumb/v7e-m+fp/hard\libcr_nohost_nf.a(__ciob.o)
                              c:/nxp/mcuxpressoide_11.1.0_3209/ide/plugins/com.nxp.mcuxpresso.tools.win32_11.1.0.201909161352/tools/bin/../lib/gcc/arm-none-eabi/8.3.1/../../../../arm-none-eabi/lib/thumb/v7e-m+fp/hard\libcr_nohost_nf.a(_cr_assert.o) (__Ciob)
c:/nxp/mcuxpressoide_11.1.0_3209/ide/plugins/com.nxp.mcuxpresso.tools.win32_11.1.0.201909161352/tools/bin/../lib/gcc/arm-none-eabi/8.3.1/../../../../arm-none-eabi/lib/thumb/v7e-m+fp/hard\libcr_nohost_nf.a(__sys_appexit.o)
                              c:/nxp/mcuxpressoide_11.1.0_3209/ide/plugins/com.nxp.mcuxpresso.tools.win32_11.1.0.201909161352/tools/bin/../lib/gcc/arm-none-eabi/8.3.1/../../../../arm-none-eabi/lib/thumb/v7e-m+fp/hard\libcr_nohost_nf.a(_cr_assert.o) (__sys_appexit)
c:/nxp/mcuxpressoide_11.1.0_3209/ide/plugins/com.nxp.mcuxpresso.tools.win32_11.1.0.201909161352/tools/bin/../lib/gcc/arm-none-eabi/8.3.1/../../../../arm-none-eabi/lib/thumb/v7e-m+fp/hard\libcr_c.a(memset.o)
                              ./utilities/fsl_debug_console.o (memset)
c:/nxp/mcuxpressoide_11.1.0_3209/ide/plugins/com.nxp.mcuxpresso.tools.win32_11.1.0.201909161352/tools/bin/../lib/gcc/arm-none-eabi/8.3.1/../../../../arm-none-eabi/lib/thumb/v7e-m+fp/hard\libcr_c.a(_deferredlazyseek.o)
                              c:/nxp/mcuxpressoide_11.1.0_3209/ide/plugins/com.nxp.mcuxpresso.tools.win32_11.1.0.201909161352/tools/bin/../lib/gcc/arm-none-eabi/8.3.1/../../../../arm-none-eabi/lib/thumb/v7e-m+fp/hard\libcr_nohost_nf.a(_cr_assert.o) (__flsbuf)
c:/nxp/mcuxpressoide_11.1.0_3209/ide/plugins/com.nxp.mcuxpresso.tools.win32_11.1.0.201909161352/tools/bin/../lib/gcc/arm-none-eabi/8.3.1/../../../../arm-none-eabi/lib/thumb/v7e-m+fp/hard\libcr_c.a(_fflush.o)
                              c:/nxp/mcuxpressoide_11.1.0_3209/ide/plugins/com.nxp.mcuxpresso.tools.win32_11.1.0.201909161352/tools/bin/../lib/gcc/arm-none-eabi/8.3.1/../../../../arm-none-eabi/lib/thumb/v7e-m+fp/hard\libcr_c.a(_deferredlazyseek.o) (_fflush)
c:/nxp/mcuxpressoide_11.1.0_3209/ide/plugins/com.nxp.mcuxpresso.tools.win32_11.1.0.201909161352/tools/bin/../lib/gcc/arm-none-eabi/8.3.1/../../../../arm-none-eabi/lib/thumb/v7e-m+fp/hard\libcr_c.a(_writebuf.o)
                              c:/nxp/mcuxpressoide_11.1.0_3209/ide/plugins/com.nxp.mcuxpresso.tools.win32_11.1.0.201909161352/tools/bin/../lib/gcc/arm-none-eabi/8.3.1/../../../../arm-none-eabi/lib/thumb/v7e-m+fp/hard\libcr_c.a(_deferredlazyseek.o) (_Cwritebuf)
c:/nxp/mcuxpressoide_11.1.0_3209/ide/plugins/com.nxp.mcuxpresso.tools.win32_11.1.0.201909161352/tools/bin/../lib/gcc/arm-none-eabi/8.3.1/../../../../arm-none-eabi/lib/thumb/v7e-m+fp/hard\libcr_c.a(alloc.o)
                              ./osa/usb_osa_bm.o (malloc)
c:/nxp/mcuxpressoide_11.1.0_3209/ide/plugins/com.nxp.mcuxpresso.tools.win32_11.1.0.201909161352/tools/bin/../lib/gcc/arm-none-eabi/8.3.1/../../../../arm-none-eabi/lib/thumb/v7e-m+fp/hard\libcr_c.a(fputs.o)
                              c:/nxp/mcuxpressoide_11.1.0_3209/ide/plugins/com.nxp.mcuxpresso.tools.win32_11.1.0.201909161352/tools/bin/../lib/gcc/arm-none-eabi/8.3.1/../../../../arm-none-eabi/lib/thumb/v7e-m+fp/hard\libcr_nohost_nf.a(_cr_assert.o) (fputs)
c:/nxp/mcuxpressoide_11.1.0_3209/ide/plugins/com.nxp.mcuxpresso.tools.win32_11.1.0.201909161352/tools/bin/../lib/gcc/arm-none-eabi/8.3.1/../../../../arm-none-eabi/lib/thumb/v7e-m+fp/hard\libcr_c.a(fseek.o)
                              c:/nxp/mcuxpressoide_11.1.0_3209/ide/plugins/com.nxp.mcuxpresso.tools.win32_11.1.0.201909161352/tools/bin/../lib/gcc/arm-none-eabi/8.3.1/../../../../arm-none-eabi/lib/thumb/v7e-m+fp/hard\libcr_c.a(_deferredlazyseek.o) (fseek)
c:/nxp/mcuxpressoide_11.1.0_3209/ide/plugins/com.nxp.mcuxpresso.tools.win32_11.1.0.201909161352/tools/bin/../lib/gcc/arm-none-eabi/8.3.1/../../../../arm-none-eabi/lib/thumb/v7e-m+fp/hard\libcr_c.a(ftell.o)
                              c:/nxp/mcuxpressoide_11.1.0_3209/ide/plugins/com.nxp.mcuxpresso.tools.win32_11.1.0.201909161352/tools/bin/../lib/gcc/arm-none-eabi/8.3.1/../../../../arm-none-eabi/lib/thumb/v7e-m+fp/hard\libcr_c.a(fseek.o) (ftell)
[...]
Memory Configuration

Name             Origin             Length             Attributes
BOARD_FLASH      0x60000000         0x01000000         xr
SRAM_OC          0x20200000         0x00010000         xrw
NCACHE_REGION    0x20210000         0x00000000         xrw
SRAM_DTC         0x20000000         0x00008000         xrw
SRAM_ITC         0x00000000         0x00008000         xrw
*default*        0x00000000         0xffffffff

Linker script and memory map

LOAD ./xip/evkmimxrt1010_flexspi_nor_config.o
LOAD ./xip/fsl_flexspi_nor_boot.o
LOAD ./utilities/fsl_assert.o
LOAD ./utilities/fsl_debug_console.o
LOAD ./utilities/fsl_str.o
LOAD ./usb/phy/usb_phy.o
LOAD ./usb/device/source/ehci/usb_device_ehci.o
LOAD ./usb/device/source/usb_device_ch9.o
LOAD ./usb/device/source/usb_device_dci.o
LOAD ./usb/device/class/cdc/usb_device_cdc_acm.o
LOAD ./usb/device/class/usb_device_class.o
LOAD ./startup/startup_mimxrt1011.o
LOAD ./source/semihost_hardfault.o
LOAD ./source/usb_device_descriptor.o
LOAD ./source/virtual_com.o
LOAD ./osa/usb_osa_bm.o
LOAD ./drivers/fsl_cache.o
LOAD ./drivers/fsl_clock.o
LOAD ./drivers/fsl_common.o
LOAD ./drivers/fsl_flexio.o
LOAD ./drivers/fsl_flexio_logic.o
LOAD ./drivers/fsl_gpio.o
LOAD ./drivers/fsl_lpuart.o
LOAD ./device/system_MIMXRT1011.o
LOAD ./component/uart/lpuart_adapter.o
LOAD ./component/serial_manager/serial_manager.o
LOAD ./component/serial_manager/serial_port_uart.o
LOAD ./component/lists/generic_list.o
LOAD ./board/board.o
LOAD ./board/clock_config.o
LOAD ./board/pin_mux.o
START GROUP
LOAD c:/nxp/mcuxpressoide_11.1.0_3209/ide/plugins/com.nxp.mcuxpresso.tools.win32_11.1.0.201909161352/tools/bin/../lib/gcc/arm-none-eabi/8.3.1/../../../../arm-none-eabi/lib/thumb/v7e-m+fp/hard\libcr_nohost_nf.a
LOAD c:/nxp/mcuxpressoide_11.1.0_3209/ide/plugins/com.nxp.mcuxpresso.tools.win32_11.1.0.201909161352/tools/bin/../lib/gcc/arm-none-eabi/8.3.1/../../../../arm-none-eabi/lib/thumb/v7e-m+fp/hard\libcr_c.a
LOAD c:/nxp/mcuxpressoide_11.1.0_3209/ide/plugins/com.nxp.mcuxpresso.tools.win32_11.1.0.201909161352/tools/bin/../lib/gcc/arm-none-eabi/8.3.1/thumb/v7e-m+fp/hard\libcr_eabihelpers.a
LOAD c:/nxp/mcuxpressoide_11.1.0_3209/ide/plugins/com.nxp.mcuxpresso.tools.win32_11.1.0.201909161352/tools/bin/../lib/gcc/arm-none-eabi/8.3.1/thumb/v7e-m+fp/hard\libgcc.a
END GROUP
                0x60000000                __base_BOARD_FLASH = 0x60000000
                0x60000000                __base_Flash = 0x60000000
                0x61000000                __top_BOARD_FLASH = 0x61000000
                0x61000000                __top_Flash = 0x61000000
                0x20200000                __base_SRAM_OC = 0x20200000
                0x20200000                __base_RAM = 0x20200000
                0x20210000                __top_SRAM_OC = 0x20210000
                0x20210000                __top_RAM = 0x20210000
                0x20210000                __base_NCACHE_REGION = 0x20210000
                0x20210000                __base_RAM2 = 0x20210000
                0x20210000                __top_NCACHE_REGION = 0x20210000
                0x20210000                __top_RAM2 = 0x20210000
                0x20000000                __base_SRAM_DTC = 0x20000000
                0x20000000                __base_RAM3 = 0x20000000
                0x20008000                __top_SRAM_DTC = 0x20008000
                0x20008000                __top_RAM3 = 0x20008000
                0x00000000                __base_SRAM_ITC = 0x0
                0x00000000                __base_RAM4 = 0x0
                0x00008000                __top_SRAM_ITC = 0x8000
                0x00008000                __top_RAM4 = 0x8000

.boot_hdr       0x60000000     0x2000
 FILL mask 0xff
                0x00000400                . = 0x400
 *fill*         0x60000000      0x400 ff
                0x60000400                __boot_hdr_start__ = ABSOLUTE (.)
 *(SORT_BY_ALIGNMENT(.boot_hdr.conf))
 .boot_hdr.conf
                0x60000400      0x200 ./xip/evkmimxrt1010_flexspi_nor_config.o
                0x60000400                qspiflash_config
                0x00001000                . = 0x1000
 *fill*         0x60000600      0xa00 ff
 *(SORT_BY_ALIGNMENT(.boot_hdr.ivt))
 .boot_hdr.ivt  0x60001000       0x20 ./xip/fsl_flexspi_nor_boot.o
                0x60001000                image_vector_table
                0x00001020                . = 0x1020
 *(SORT_BY_ALIGNMENT(.boot_hdr.boot_data))
 .boot_hdr.boot_data
                0x60001020       0x10 ./xip/fsl_flexspi_nor_boot.o
                0x60001020                boot_data
                0x00001030                . = 0x1030
 *(SORT_BY_ALIGNMENT(.boot_hdr.dcd_data))
                0x60001030                __boot_hdr_end__ = ABSOLUTE (.)
                0x00002000                . = 0x2000
 *fill*         0x60001030      0xfd0 ff

.text           0x60002000     0x8ef8
 FILL mask 0xff
                0x60002000                __vectors_start__ = ABSOLUTE (.)
 *(SORT_BY_ALIGNMENT(.isr_vector))
 .isr_vector    0x60002000      0x180 ./startup/startup_mimxrt1011.o
                0x60002000                g_pfnVectors
                0x60002000                __Vectors
                0x60002180                . = ALIGN (0x4)
                0x60002180                __section_table_start = .
                0x60002180                __data_section_table = .
                0x60002180        0x4 LONG 0x6000afb8 LOADADDR (.data)
                0x60002184        0x4 LONG 0x20200000 ADDR (.data)
                0x60002188        0x4 LONG 0xd0 SIZEOF (.data)
                0x6000218c        0x4 LONG 0x6000aef8 LOADADDR (.data_RAM2)
                0x60002190        0x4 LONG 0x20210000 ADDR (.data_RAM2)
                0x60002194        0x4 LONG 0x0 SIZEOF (.data_RAM2)
                0x60002198        0x4 LONG 0x6000aef8 LOADADDR (.data_RAM3)
                0x6000219c        0x4 LONG 0x20000000 ADDR (.data_RAM3)
                0x600021a0        0x4 LONG 0xc0 SIZEOF (.data_RAM3)
                0x600021a4        0x4 LONG 0x6000afb8 LOADADDR (.data_RAM4)
                0x600021a8        0x4 LONG 0x0 ADDR (.data_RAM4)
                0x600021ac        0x4 LONG 0x0 SIZEOF (.data_RAM4)
                0x600021b0                __data_section_table_end = .
                0x600021b0                __bss_section_table = .
                0x600021b0        0x4 LONG 0x202000d0 ADDR (.bss)
                0x600021b4        0x4 LONG 0x9a8 SIZEOF (.bss)
                0x600021b8        0x4 LONG 0x20210000 ADDR (.bss_RAM2)
                0x600021bc        0x4 LONG 0x0 SIZEOF (.bss_RAM2)
                0x600021c0        0x4 LONG 0x20000800 ADDR (.bss_RAM3)
                0x600021c4        0x4 LONG 0xae8 SIZEOF (.bss_RAM3)
                0x600021c8        0x4 LONG 0x0 ADDR (.bss_RAM4)
                0x600021cc        0x4 LONG 0x0 SIZEOF (.bss_RAM4)
                0x600021d0                __bss_section_table_end = .
                0x600021d0                __section_table_end = .
 *(SORT_BY_ALIGNMENT(.after_vectors*))
 .after_vectors.reset
                0x600021d0       0x4c ./startup/startup_mimxrt1011.o
                0x600021d0                ResetISR
 .after_vectors.init_data
                0x6000221c       0x1e ./startup/startup_mimxrt1011.o
                0x6000221c                data_init
 .after_vectors.init_bss
                0x6000223a       0x12 ./startup/startup_mimxrt1011.o
                0x6000223a                bss_init
 .after_vectors
                0x6000224c        0xc ./startup/startup_mimxrt1011.o
                0x6000224c                NMI_Handler
                0x60002250                SVC_Handler
                0x60002252                PendSV_Handler
                0x60002256                ADC_ETC_IRQ3_DriverIRQHandler
                0x60002256                CCM_2_DriverIRQHandler
                0x60002256                PIT_DriverIRQHandler
                0x60002256                LPSPI2_DriverIRQHandler
                0x60002256                FLEXRAM_DriverIRQHandler
                0x60002256                DMA12_DriverIRQHandler
                0x60002256                SPDIF_DriverIRQHandler
                0x60002256                SAI3_RX_DriverIRQHandler
                0x60002256                DMA0_DriverIRQHandler
                0x60002256                USB_PHY_DriverIRQHandler
                0x60002256                GPR_IRQ_DriverIRQHandler
                0x60002256                DMA6_DriverIRQHandler
                0x60002256                TRNG_DriverIRQHandler
                0x60002256                IntDefaultHandler
                0x60002256                DMA11_DriverIRQHandler
                0x60002256                SRC_DriverIRQHandler
                0x60002256                DMA10_DriverIRQHandler
                0x60002256                EWM_DriverIRQHandler
                0x60002256                DMA5_DriverIRQHandler
                0x60002256                DMA4_DriverIRQHandler
                0x60002256                WDOG1_DriverIRQHandler
                0x60002256                ADC_ETC_IRQ2_DriverIRQHandler
                0x60002256                GPIO1_Combined_16_31_DriverIRQHandler
                0x60002256                SAI1_DriverIRQHandler
                0x60002256                DCDC_DriverIRQHandler
                0x60002256                ADC_ETC_ERROR_IRQ_DriverIRQHandler
                0x60002256                GPIO5_Combined_0_15_DriverIRQHandler
                0x60002256                DMA3_DriverIRQHandler
                0x60002256                RTWDOG_DriverIRQHandler
                0x60002256                FLEXSPI_DriverIRQHandler
                0x60002256                GPT2_DriverIRQHandler
                0x60002256                DMA8_DriverIRQHandler
                0x60002256                DMA9_DriverIRQHandler
                0x60002256                PWM1_1_DriverIRQHandler
                0x60002256                Reserved71_DriverIRQHandler
                0x60002256                ADC1_DriverIRQHandler
                0x60002256                PWM1_0_DriverIRQHandler
                0x60002256                DMA14_DriverIRQHandler
                0x60002256                DCP_DriverIRQHandler
                0x60002256                CTI0_ERROR_DriverIRQHandler
                0x60002256                GPT1_DriverIRQHandler
                0x60002256                CSU_DriverIRQHandler
                0x60002256                CTI1_ERROR_DriverIRQHandler
                0x60002256                GPIO1_Combined_0_15_DriverIRQHandler
                0x60002256                CORE_DriverIRQHandler
                0x60002256                KPP_DriverIRQHandler
                0x60002256                SNVS_HP_WRAPPER_TZ_DriverIRQHandler
                0x60002256                PWM1_FAULT_DriverIRQHandler
                0x60002256                DMA1_DriverIRQHandler
                0x60002256                LPI2C1_DriverIRQHandler
                0x60002256                SNVS_HP_WRAPPER_DriverIRQHandler
                0x60002256                ADC_ETC_IRQ1_DriverIRQHandler
                0x60002256                LPSPI1_DriverIRQHandler
                0x60002256                DMA13_DriverIRQHandler
                0x60002256                DCP_VMI_DriverIRQHandler
                0x60002256                DMA15_DriverIRQHandler
                0x60002256                GPC_DriverIRQHandler
                0x60002256                GPIO2_Combined_0_15_DriverIRQHandler
                0x60002256                PWM1_2_DriverIRQHandler
                0x60002256                USB_OTG1_DriverIRQHandler
                0x60002256                TEMP_LOW_HIGH_DriverIRQHandler
                0x60002256                SAI3_TX_DriverIRQHandler
                0x60002256                WDOG2_DriverIRQHandler
                0x60002256                Reserved68_DriverIRQHandler
                0x60002256                PMU_DriverIRQHandler
                0x60002256                CCM_1_DriverIRQHandler
                0x60002256                TEMP_PANIC_DriverIRQHandler
                0x60002256                DMA2_DriverIRQHandler
                0x60002256                PWM1_3_DriverIRQHandler
                0x60002256                Reserved70_DriverIRQHandler
                0x60002256                LPI2C2_DriverIRQHandler
                0x60002256                DMA_ERROR_DriverIRQHandler
                0x60002256                ADC_ETC_IRQ0_DriverIRQHandler
                0x60002256                DMA7_DriverIRQHandler
                0x60002256                XBAR1_IRQ_0_1_2_3_DriverIRQHandler
                0x60002256                SNVS_LP_WRAPPER_DriverIRQHandler
 *(SORT_BY_ALIGNMENT(.text*))
 .text.DbgConsole_SendDataReliable
                0x60002258       0x58 ./utilities/fsl_debug_console.o
                0x60002258                DbgConsole_SendDataReliable
 .text.DbgConsole_Printf
                0x600022b0       0x74 ./utilities/fsl_debug_console.o
                0x600022b0                DbgConsole_Printf
 .text.USB_EhciPhyGetBase
                0x60002324       0xd8 ./usb/phy/usb_phy.o
                0x60002324                USB_EhciPhyGetBase
 .text.USB_EhciPhyInit
                0x600023fc       0xc8 ./usb/phy/usb_phy.o
                0x600023fc                USB_EhciPhyInit
 .text.USB_DeviceEhciCancelControlPipe
                0x600024c4      0x194 ./usb/device/source/ehci/usb_device_ehci.o
 .text.USB_DeviceEhciInterruptTokenDone
                0x60002658      0x42c ./usb/device/source/ehci/usb_device_ehci.o
 .text.USB_DeviceEhciTransfer
                0x60002a84      0x3b4 ./usb/device/source/ehci/usb_device_ehci.o
 .text.USB_EhciGetValidEhciState
                0x60002e38       0x58 ./usb/device/source/ehci/usb_device_ehci.o
                0x60002e38                USB_EhciGetValidEhciState
 .text.USB_DeviceEhciInit
                0x60002e90       0xd8 ./usb/device/source/ehci/usb_device_ehci.o
                0x60002e90                USB_DeviceEhciInit
 .text.USB_DeviceEhciDeinit
                0x60002f68       0x8c ./usb/device/source/ehci/usb_device_ehci.o
                0x60002f68                USB_DeviceEhciDeinit
 .text.USB_DeviceEhciCancel
                0x60002ff4      0x220 ./usb/device/source/ehci/usb_device_ehci.o
                0x60002ff4                USB_DeviceEhciCancel
 .text.USB_DeviceEhciControl
                0x60003214      0x298 ./usb/device/source/ehci/usb_device_ehci.o
                0x60003214                USB_DeviceEhciControl
 .text.USB_DeviceControlCallback
                0x600034ac      0x37c ./usb/device/source/usb_device_ch9.o
                0x600034ac                USB_DeviceControlCallback
 .text.USB_DeviceControlPipeInit
                0x60003828       0x7c ./usb/device/source/usb_device_ch9.o
                0x60003828                USB_DeviceControlPipeInit
 .text.USB_DeviceAllocateHandle
                0x600038a4       0xd4 ./usb/device/source/usb_device_dci.o
 .text.USB_DeviceGetControllerInterface
                0x60003978       0x38 ./usb/device/source/usb_device_dci.o
 .text.USB_DeviceGetStatus
                0x600039b0       0xcc ./usb/device/source/usb_device_dci.o
                0x600039b0                USB_DeviceGetStatus
 .text.USB_DeviceSetStatus
                0x60003a7c      0x114 ./usb/device/source/usb_device_dci.o
                0x60003a7c                USB_DeviceSetStatus
 .text.USB_DeviceCdcAcmAllocateHandle
                0x60003b90       0x58 ./usb/device/class/cdc/usb_device_cdc_acm.o
 .text.USB_DeviceCdcAcmEndpointsInit
                0x60003be8      0x3b8 ./usb/device/class/cdc/usb_device_cdc_acm.o
                0x60003be8                USB_DeviceCdcAcmEndpointsInit
 .text.USB_DeviceCdcAcmEvent
                0x60003fa0      0x640 ./usb/device/class/cdc/usb_device_cdc_acm.o
                0x60003fa0                USB_DeviceCdcAcmEvent
 .text.USB_DeviceCdcAcmInit
                0x600045e0       0xc0 ./usb/device/class/cdc/usb_device_cdc_acm.o
                0x600045e0                USB_DeviceCdcAcmInit
 .text.USB_DeviceCdcAcmDeinit
                0x600046a0       0x7c ./usb/device/class/cdc/usb_device_cdc_acm.o
                0x600046a0                USB_DeviceCdcAcmDeinit
 .text.USB_DeviceClassAllocateHandle
                0x6000471c       0xc8 ./usb/device/class/usb_device_class.o
 .text.USB_DeviceClassFreeHandle
                0x600047e4       0x90 ./usb/device/class/usb_device_class.o
 .text.USB_DeviceClassGetHandleByControllerId
                0x60004874       0x78 ./usb/device/class/usb_device_class.o
 .text.USB_DeviceClassGetHandleByDeviceHandle
                0x600048ec       0x64 ./usb/device/class/usb_device_class.o
 .text.USB_DeviceClassGetDeviceHandle
                0x60004950       0x78 ./usb/device/class/usb_device_class.o
                0x60004950                USB_DeviceClassGetDeviceHandle
 .text.USB_DeviceClassEvent
                0x600049c8       0xe0 ./usb/device/class/usb_device_class.o
                0x600049c8                USB_DeviceClassEvent
 .text.USB_DeviceClassInit
                0x60004aa8      0x11c ./usb/device/class/usb_device_class.o
                0x60004aa8                USB_DeviceClassInit
 .text.USB_DeviceGetDeviceDescriptor
                0x60004bc4       0x28 ./source/usb_device_descriptor.o
                0x60004bc4                USB_DeviceGetDeviceDescriptor
 .text.USB_DeviceGetConfigurationDescriptor
                0x60004bec       0x34 ./source/usb_device_descriptor.o
                0x60004bec                USB_DeviceGetConfigurationDescriptor
 .text.USB_DeviceGetStringDescriptor
                0x60004c20       0xc0 ./source/usb_device_descriptor.o
                0x60004c20                USB_DeviceGetStringDescriptor
 .text.USB_DeviceSetSpeed
                0x60004ce0      0x244 ./source/usb_device_descriptor.o
                0x60004ce0                USB_DeviceSetSpeed
 .text.__NVIC_EnableIRQ
                0x60004f24       0x3c ./source/virtual_com.o
 .text.__NVIC_SetPriority
                0x60004f60       0x54 ./source/virtual_com.o
 .text.SysTick_Config
                0x60004fb4       0x44 ./source/virtual_com.o
 .text.CLOCK_SetMux
                0x60004ff8       0x9c ./source/virtual_com.o
 .text.CLOCK_SetDiv
                0x60005094       0x9c ./source/virtual_com.o
 .text.SysTick_Handler
                0x60005130       0x24 ./source/virtual_com.o
                0x60005130                SysTick_Handler
 .text.USB_OTG1_IRQHandler
                0x60005154       0x18 ./source/virtual_com.o
                0x60005154                USB_OTG1_IRQHandler
 .text.USB_DeviceClockInit
                0x6000516c       0x48 ./source/virtual_com.o
                0x6000516c                USB_DeviceClockInit
 .text.USB_DeviceCdcVcomCallback
                0x600051b4      0x368 ./source/virtual_com.o
                0x600051b4                USB_DeviceCdcVcomCallback
 .text.USB_DeviceCallback
                0x6000551c      0x184 ./source/virtual_com.o
                0x6000551c                USB_DeviceCallback
 .text.APPInit  0x600056a0       0x6c ./source/virtual_com.o
                0x600056a0                APPInit
 .text.APPTask  0x6000570c      0x25c ./source/virtual_com.o
                0x6000570c                APPTask
 .text.main     0x60005968       0xbc ./source/virtual_com.o
                0x60005968                main
 .text.USB_OsaMutexCreate
                0x60005a24       0x2c ./osa/usb_osa_bm.o
                0x60005a24                USB_OsaMutexCreate
 .text.CLOCK_GetOscFreq
                0x60005a50       0x30 ./drivers/fsl_clock.o
 .text.CLOCK_GetPeriphClkFreq
                0x60005a80       0xbc ./drivers/fsl_clock.o
 .text.CLOCK_InitExternalClk
                0x60005b3c       0x6c ./drivers/fsl_clock.o
                0x60005b3c                CLOCK_InitExternalClk
 .text.CLOCK_SwitchOsc
                0x60005ba8       0x34 ./drivers/fsl_clock.o
                0x60005ba8                CLOCK_SwitchOsc
 .text.CLOCK_InitRcOsc24M
                0x60005bdc       0x24 ./drivers/fsl_clock.o
                0x60005bdc                CLOCK_InitRcOsc24M
 .text.CLOCK_GetCoreFreq
                0x60005c00       0x24 ./drivers/fsl_clock.o
                0x60005c00                CLOCK_GetCoreFreq
 .text.CLOCK_GetIpgFreq
                0x60005c24       0x24 ./drivers/fsl_clock.o
                0x60005c24                CLOCK_GetIpgFreq
 .text.CLOCK_GetPerClkFreq
                0x60005c48       0x44 ./drivers/fsl_clock.o
                0x60005c48                CLOCK_GetPerClkFreq
 .text.CLOCK_GetFreq
                0x60005c8c      0x120 ./drivers/fsl_clock.o
                0x60005c8c                CLOCK_GetFreq
 .text.CLOCK_EnableUsbhs0Clock
                0x60005dac       0x7c ./drivers/fsl_clock.o
                0x60005dac                CLOCK_EnableUsbhs0Clock
 .text.CLOCK_EnableUsbhs0PhyPllClock
                0x60005e28       0x70 ./drivers/fsl_clock.o
                0x60005e28                CLOCK_EnableUsbhs0PhyPllClock
 .text.CLOCK_InitSysPll
                0x60005e98       0x9c ./drivers/fsl_clock.o
                0x60005e98                CLOCK_InitSysPll
 .text.CLOCK_InitUsb1Pll
                0x60005f34       0x68 ./drivers/fsl_clock.o
                0x60005f34                CLOCK_InitUsb1Pll
 .text.CLOCK_DeinitAudioPll
                0x60005f9c       0x1c ./drivers/fsl_clock.o
                0x60005f9c                CLOCK_DeinitAudioPll
 .text.CLOCK_InitEnetPll
                0x60005fb8       0x7c ./drivers/fsl_clock.o
                0x60005fb8                CLOCK_InitEnetPll
 .text.CLOCK_GetPllFreq
                0x60006034      0x1c4 ./drivers/fsl_clock.o
                0x60006034                CLOCK_GetPllFreq
 .text.CLOCK_InitSysPfd
                0x600061f8       0x64 ./drivers/fsl_clock.o
                0x600061f8                CLOCK_InitSysPfd
 .text.CLOCK_GetSysPfdFreq
                0x6000625c       0xac ./drivers/fsl_clock.o
                0x6000625c                CLOCK_GetSysPfdFreq
 .text.CLOCK_GetUsb1PfdFreq
                0x60006308       0xac ./drivers/fsl_clock.o
                0x60006308                CLOCK_GetUsb1PfdFreq
 .text.CLOCK_ControlGate
                0x600063b4       0x64 ./drivers/fsl_flexio.o
 .text.FLEXIO_GetInstance
                0x60006418       0x4c ./drivers/fsl_flexio.o
                0x60006418                FLEXIO_GetInstance
 .text.FLEXIO_Init
                0x60006464       0x84 ./drivers/fsl_flexio.o
                0x60006464                FLEXIO_Init
 .text.FLEXIO_GetDefaultConfig
                0x600064e8       0x44 ./drivers/fsl_flexio.o
                0x600064e8                FLEXIO_GetDefaultConfig
 .text.FLEXIO_CommonIRQHandler
                0x6000652c       0x54 ./drivers/fsl_flexio.o
                0x6000652c                FLEXIO_CommonIRQHandler
 .text.FLEXIO_LOGIC_Init
                0x60006580      0x2a4 ./drivers/fsl_flexio_logic.o
                0x60006580                FLEXIO_LOGIC_Init
 .text.FLEXIO_LOGIC_ReadBlocking
                0x60006824       0x98 ./drivers/fsl_flexio_logic.o
                0x60006824                FLEXIO_LOGIC_ReadBlocking
 .text.LPUART_WriteBlocking
                0x600068bc       0x68 ./drivers/fsl_lpuart.o
                0x600068bc                LPUART_WriteBlocking
 .text.LPUART1_DriverIRQHandler
                0x60006924       0x24 ./drivers/fsl_lpuart.o
                0x60006924                LPUART1_DriverIRQHandler
 .text.LPUART2_DriverIRQHandler
                0x60006948       0x24 ./drivers/fsl_lpuart.o
                0x60006948                LPUART2_DriverIRQHandler
 .text.LPUART3_DriverIRQHandler
                0x6000696c       0x24 ./drivers/fsl_lpuart.o
                0x6000696c                LPUART3_DriverIRQHandler
 .text.LPUART4_DriverIRQHandler
                0x60006990       0x24 ./drivers/fsl_lpuart.o
                0x60006990                LPUART4_DriverIRQHandler
 .text.SystemInit
                0x600069b4      0x1a8 ./device/system_MIMXRT1011.o
                0x600069b4                SystemInit
 .text.HAL_UartSendBlocking
                0x60006b5c       0x64 ./component/uart/lpuart_adapter.o
                0x60006b5c                HAL_UartSendBlocking
 .text.SerialManager_Write
                0x60006bc0       0x6c ./component/serial_manager/serial_manager.o
 .text.Serial_UartWrite
                0x60006c2c       0x58 ./component/serial_manager/serial_port_uart.o
                0x60006c2c                Serial_UartWrite
 .text.ARM_MPU_Enable
                0x60006c84       0x3c ./board/board.o
 .text.ARM_MPU_Disable
                0x60006cc0       0x34 ./board/board.o
 .text.BOARD_ConfigMPU
                0x60006cf4      0x29c ./board/board.o
                0x60006cf4                BOARD_ConfigMPU
 .text.SystemInitHook
                0x60006f90       0x20 ./board/board.o
                0x60006f90                SystemInitHook
 .text.CLOCK_SetMux
                0x60006fb0       0x9c ./board/clock_config.o
 .text.CLOCK_SetDiv
                0x6000704c       0x9c ./board/clock_config.o
 .text.CLOCK_ControlGate
                0x600070e8       0x64 ./board/clock_config.o
 .text.CLOCK_SetXtalFreq
                0x6000714c       0x20 ./board/clock_config.o
 .text.CLOCK_SetRtcXtalFreq
                0x6000716c       0x20 ./board/clock_config.o
 .text.IOMUXC_MQSConfig
                0x6000718c       0x44 ./board/clock_config.o
 .text.BOARD_BootClockRUN
                0x600071d0      0x3c0 ./board/clock_config.o
                0x600071d0                BOARD_BootClockRUN
 .text.CLOCK_ControlGate
                0x60007590       0x64 ./board/pin_mux.o
 .text.BOARD_InitPins
                0x600075f4       0xdc ./board/pin_mux.o
                0x600075f4                BOARD_InitPins
 .text.__assertion_failed
                0x600076d0       0x4c c:/nxp/mcuxpressoide_11.1.0_3209/ide/plugins/com.nxp.mcuxpresso.tools.win32_11.1.0.201909161352/tools/bin/../lib/gcc/arm-none-eabi/8.3.1/../../../../arm-none-eabi/lib/thumb/v7e-m+fp/hard\libcr_nohost_nf.a(_cr_assert.o)
                0x600076d0                __assertion_failed
 .text._Cwritebuf
                0x6000771c       0x6c c:/nxp/mcuxpressoide_11.1.0_3209/ide/plugins/com.nxp.mcuxpresso.tools.win32_11.1.0.201909161352/tools/bin/../lib/gcc/arm-none-eabi/8.3.1/../../../../arm-none-eabi/lib/thumb/v7e-m+fp/hard\libcr_c.a(_writebuf.o)
                0x6000771c                _Cwritebuf
 .text.malloc   0x60007788       0xc8 c:/nxp/mcuxpressoide_11.1.0_3209/ide/plugins/com.nxp.mcuxpresso.tools.win32_11.1.0.201909161352/tools/bin/../lib/gcc/arm-none-eabi/8.3.1/../../../../arm-none-eabi/lib/thumb/v7e-m+fp/hard\libcr_c.a(alloc.o)
                0x60007788                malloc
 .text._Csys_alloc
                0x60007850       0x20 c:/nxp/mcuxpressoide_11.1.0_3209/ide/plugins/com.nxp.mcuxpresso.tools.win32_11.1.0.201909161352/tools/bin/../lib/gcc/arm-none-eabi/8.3.1/../../../../arm-none-eabi/lib/thumb/v7e-m+fp/hard\libcr_c.a(alloc.o)
                0x60007850                _Csys_alloc
 .text.fseek    0x60007870      0x100 c:/nxp/mcuxpressoide_11.1.0_3209/ide/plugins/com.nxp.mcuxpresso.tools.win32_11.1.0.201909161352/tools/bin/../lib/gcc/arm-none-eabi/8.3.1/../../../../arm-none-eabi/lib/thumb/v7e-m+fp/hard\libcr_c.a(fseek.o)
                0x60007870                fseek
 .text.ftell    0x60007970       0x48 c:/nxp/mcuxpressoide_11.1.0_3209/ide/plugins/com.nxp.mcuxpresso.tools.win32_11.1.0.201909161352/tools/bin/../lib/gcc/arm-none-eabi/8.3.1/../../../../arm-none-eabi/lib/thumb/v7e-m+fp/hard\libcr_c.a(ftell.o)
                0x60007970                ftell
 .text._initio  0x600079b8       0x78 c:/nxp/mcuxpressoide_11.1.0_3209/ide/plugins/com.nxp.mcuxpresso.tools.win32_11.1.0.201909161352/tools/bin/../lib/gcc/arm-none-eabi/8.3.1/../../../../arm-none-eabi/lib/thumb/v7e-m+fp/hard\libcr_c.a(initio.o)
                0x600079b8                _initio
 .text.setvbuf  0x60007a30       0x40 c:/nxp/mcuxpressoide_11.1.0_3209/ide/plugins/com.nxp.mcuxpresso.tools.win32_11.1.0.201909161352/tools/bin/../lib/gcc/arm-none-eabi/8.3.1/../../../../arm-none-eabi/lib/thumb/v7e-m+fp/hard\libcr_c.a(setvbuf.o)
                0x60007a30                setvbuf
 .text._sbrk    0x60007a70       0x3c c:/nxp/mcuxpressoide_11.1.0_3209/ide/plugins/com.nxp.mcuxpresso.tools.win32_11.1.0.201909161352/tools/bin/../lib/gcc/arm-none-eabi/8.3.1/../../../../arm-none-eabi/lib/thumb/v7e-m+fp/hard\libcr_c.a(_cr_sbrk.o)
                0x60007a70                _sbrk
 .text.fflush   0x60007aac       0x44 c:/nxp/mcuxpressoide_11.1.0_3209/ide/plugins/com.nxp.mcuxpresso.tools.win32_11.1.0.201909161352/tools/bin/../lib/gcc/arm-none-eabi/8.3.1/../../../../arm-none-eabi/lib/thumb/v7e-m+fp/hard\libcr_c.a(fflush.o)
                0x60007aac                fflush
 .text.__check_heap_overflow
                0x60007af0       0x18 c:/nxp/mcuxpressoide_11.1.0_3209/ide/plugins/com.nxp.mcuxpresso.tools.win32_11.1.0.201909161352/tools/bin/../lib/gcc/arm-none-eabi/8.3.1/../../../../arm-none-eabi/lib/thumb/v7e-m+fp/hard\libcr_c.a(_cr_check_heap.o)
                0x60007af0                __check_heap_overflow
 .text.DbgConsole_PrintCallback
                0x60007b08       0x64 ./utilities/fsl_debug_console.o
 .text.ConvertRadixNumToString
                0x60007b6c      0x114 ./utilities/fsl_str.o
 .text.StrFormatPrintf
                0x60007c80      0x30c ./utilities/fsl_str.o
                0x60007c80                StrFormatPrintf
 .text.USB_DeviceEhciSetDefaultState
                0x60007f8c      0x132 ./usb/device/source/ehci/usb_device_ehci.o
 .text.USB_DeviceEhciEndpointInit
                0x600080be      0x204 ./usb/device/source/ehci/usb_device_ehci.o
 .text.USB_DeviceEhciEndpointDeinit
                0x600082c2       0xf6 ./usb/device/source/ehci/usb_device_ehci.o
 .text.USB_DeviceEhciEndpointStall
                0x600083b8       0xea ./usb/device/source/ehci/usb_device_ehci.o
 .text.USB_DeviceEhciEndpointUnstall
                0x600084a2       0xba ./usb/device/source/ehci/usb_device_ehci.o
 .text.USB_DeviceEhciFillSetupBuffer
                0x6000855c       0xa6 ./usb/device/source/ehci/usb_device_ehci.o
 .text.USB_DeviceEhciInterruptPortChange
                0x60008602       0x74 ./usb/device/source/ehci/usb_device_ehci.o
 .text.USB_DeviceEhciInterruptReset
                0x60008676       0x92 ./usb/device/source/ehci/usb_device_ehci.o
 .text.USB_DeviceEhciInterruptSof
                0x60008708       0x14 ./usb/device/source/ehci/usb_device_ehci.o
 .text.USB_DeviceEhciSend
                0x6000871c       0x32 ./usb/device/source/ehci/usb_device_ehci.o
                0x6000871c                USB_DeviceEhciSend
 .text.USB_DeviceEhciRecv
                0x6000874e       0x2c ./usb/device/source/ehci/usb_device_ehci.o
                0x6000874e                USB_DeviceEhciRecv
 .text.USB_DeviceEhciIsrFunction
                0x6000877a       0x84 ./usb/device/source/ehci/usb_device_ehci.o
                0x6000877a                USB_DeviceEhciIsrFunction
 .text.USB_DeviceCh9GetStatus
                0x600087fe       0xe8 ./usb/device/source/usb_device_ch9.o
 .text.USB_DeviceCh9SetClearFeature
                0x600088e6       0xf2 ./usb/device/source/usb_device_ch9.o
 .text.USB_DeviceCh9SetAddress
                0x600089d8       0x9c ./usb/device/source/usb_device_ch9.o
 .text.USB_DeviceCh9GetDescriptor
                0x60008a74       0xe2 ./usb/device/source/usb_device_ch9.o
 .text.USB_DeviceCh9GetConfiguration
                0x60008b56       0x58 ./usb/device/source/usb_device_ch9.o
 .text.USB_DeviceCh9SetConfiguration
                0x60008bae       0x88 ./usb/device/source/usb_device_ch9.o
 .text.USB_DeviceCh9GetInterface
                0x60008c36       0x6e ./usb/device/source/usb_device_ch9.o
 .text.USB_DeviceCh9SetInterface
                0x60008ca4       0x6a ./usb/device/source/usb_device_ch9.o
 .text.USB_DeviceCh9SynchFrame
                0x60008d0e       0x62 ./usb/device/source/usb_device_ch9.o
 .text.USB_DeviceControlCallbackFeedback
                0x60008d70       0xb4 ./usb/device/source/usb_device_ch9.o
 .text.USB_DeviceFreeHandle
                0x60008e24       0x32 ./usb/device/source/usb_device_dci.o
 .text.USB_DeviceTransfer
                0x60008e56      0x10e ./usb/device/source/usb_device_dci.o
 .text.USB_DeviceControl
                0x60008f64       0x4c ./usb/device/source/usb_device_dci.o
 .text.USB_DeviceResetNotification
                0x60008fb0       0x98 ./usb/device/source/usb_device_dci.o
 .text.USB_DeviceNotification
                0x60009048       0xfe ./usb/device/source/usb_device_dci.o
 .text.USB_DeviceNotificationTrigger
                0x60009146       0x40 ./usb/device/source/usb_device_dci.o
                0x60009146                USB_DeviceNotificationTrigger
 .text.USB_DeviceInit
                0x60009186      0x16a ./usb/device/source/usb_device_dci.o
                0x60009186                USB_DeviceInit
 .text.USB_DeviceRun
                0x600092f0       0x1c ./usb/device/source/usb_device_dci.o
                0x600092f0                USB_DeviceRun
 .text.USB_DeviceDeinit
                0x6000930c       0x42 ./usb/device/source/usb_device_dci.o
                0x6000930c                USB_DeviceDeinit
 .text.USB_DeviceSendRequest
                0x6000934e       0x32 ./usb/device/source/usb_device_dci.o
                0x6000934e                USB_DeviceSendRequest
 .text.USB_DeviceRecvRequest
                0x60009380       0x2c ./usb/device/source/usb_device_dci.o
                0x60009380                USB_DeviceRecvRequest
 .text.USB_DeviceInitEndpoint
                0x600093ac       0xbe ./usb/device/source/usb_device_dci.o
                0x600093ac                USB_DeviceInitEndpoint
 .text.USB_DeviceDeinitEndpoint
                0x6000946a       0xb0 ./usb/device/source/usb_device_dci.o
                0x6000946a                USB_DeviceDeinitEndpoint
 .text.USB_DeviceStallEndpoint
                0x6000951a       0x30 ./usb/device/source/usb_device_dci.o
                0x6000951a                USB_DeviceStallEndpoint
 .text.USB_DeviceUnstallEndpoint
                0x6000954a       0x30 ./usb/device/source/usb_device_dci.o
                0x6000954a                USB_DeviceUnstallEndpoint
 .text.USB_DeviceCdcAcmFreeHandle
                0x6000957a       0x32 ./usb/device/class/cdc/usb_device_cdc_acm.o
 .text.USB_DeviceCdcAcmInterruptIn
                0x600095ac       0x54 ./usb/device/class/cdc/usb_device_cdc_acm.o
                0x600095ac                USB_DeviceCdcAcmInterruptIn
 .text.USB_DeviceCdcAcmBulkIn
                0x60009600       0x52 ./usb/device/class/cdc/usb_device_cdc_acm.o
                0x60009600                USB_DeviceCdcAcmBulkIn
 .text.USB_DeviceCdcAcmBulkOut
                0x60009652       0x54 ./usb/device/class/cdc/usb_device_cdc_acm.o
                0x60009652                USB_DeviceCdcAcmBulkOut
 .text.USB_DeviceCdcAcmEndpointsDeinit
                0x600096a6       0xae ./usb/device/class/cdc/usb_device_cdc_acm.o
                0x600096a6                USB_DeviceCdcAcmEndpointsDeinit
 .text.USB_DeviceCdcAcmSend
                0x60009754       0xa2 ./usb/device/class/cdc/usb_device_cdc_acm.o
                0x60009754                USB_DeviceCdcAcmSend
 .text.USB_DeviceCdcAcmRecv
                0x600097f6       0x7c ./usb/device/class/cdc/usb_device_cdc_acm.o
                0x600097f6                USB_DeviceCdcAcmRecv
 .text.USB_DeviceClassCallback
                0x60009872       0x62 ./usb/device/class/usb_device_class.o
                0x60009872                USB_DeviceClassCallback
 .text.USB_DeviceClassGetSpeed
                0x600098d4       0x48 ./usb/device/class/usb_device_class.o
                0x600098d4                USB_DeviceClassGetSpeed
 .text.DMA0_IRQHandler
                0x6000991c        0x8 ./startup/startup_mimxrt1011.o
                0x6000991c                DMA0_IRQHandler
 .text.DMA1_IRQHandler
                0x60009924        0x8 ./startup/startup_mimxrt1011.o
                0x60009924                DMA1_IRQHandler
 .text.DMA2_IRQHandler
                0x6000992c        0x8 ./startup/startup_mimxrt1011.o
                0x6000992c                DMA2_IRQHandler
 .text.DMA3_IRQHandler
                0x60009934        0x8 ./startup/startup_mimxrt1011.o
                0x60009934                DMA3_IRQHandler
 .text.DMA4_IRQHandler
                0x6000993c        0x8 ./startup/startup_mimxrt1011.o
                0x6000993c                DMA4_IRQHandler
 .text.DMA5_IRQHandler
                0x60009944        0x8 ./startup/startup_mimxrt1011.o
                0x60009944                DMA5_IRQHandler
 .text.DMA6_IRQHandler
                0x6000994c        0x8 ./startup/startup_mimxrt1011.o
                0x6000994c                DMA6_IRQHandler
 .text.DMA7_IRQHandler
                0x60009954        0x8 ./startup/startup_mimxrt1011.o
                0x60009954                DMA7_IRQHandler
 .text.DMA8_IRQHandler
                0x6000995c        0x8 ./startup/startup_mimxrt1011.o
                0x6000995c                DMA8_IRQHandler
 .text.DMA9_IRQHandler
                0x60009964        0x8 ./startup/startup_mimxrt1011.o
                0x60009964                DMA9_IRQHandler
 .text.DMA10_IRQHandler
                0x6000996c        0x8 ./startup/startup_mimxrt1011.o
                0x6000996c                DMA10_IRQHandler
 .text.DMA11_IRQHandler
                0x60009974        0x8 ./startup/startup_mimxrt1011.o
                0x60009974                DMA11_IRQHandler
 .text.DMA12_IRQHandler
                0x6000997c        0x8 ./startup/startup_mimxrt1011.o
                0x6000997c                DMA12_IRQHandler
 .text.DMA13_IRQHandler
                0x60009984        0x8 ./startup/startup_mimxrt1011.o
                0x60009984                DMA13_IRQHandler
 .text.DMA14_IRQHandler
                0x6000998c        0x8 ./startup/startup_mimxrt1011.o
                0x6000998c                DMA14_IRQHandler
 .text.DMA15_IRQHandler
                0x60009994        0x8 ./startup/startup_mimxrt1011.o
                0x60009994                DMA15_IRQHandler
 .text.DMA_ERROR_IRQHandler
                0x6000999c        0x8 ./startup/startup_mimxrt1011.o
                0x6000999c                DMA_ERROR_IRQHandler
 .text.CTI0_ERROR_IRQHandler
                0x600099a4        0x8 ./startup/startup_mimxrt1011.o
                0x600099a4                CTI0_ERROR_IRQHandler
 .text.CTI1_ERROR_IRQHandler
                0x600099ac        0x8 ./startup/startup_mimxrt1011.o
                0x600099ac                CTI1_ERROR_IRQHandler
 .text.CORE_IRQHandler
                0x600099b4        0x8 ./startup/startup_mimxrt1011.o
                0x600099b4                CORE_IRQHandler
 .text.LPUART1_IRQHandler
                0x600099bc        0x8 ./startup/startup_mimxrt1011.o
                0x600099bc                LPUART1_IRQHandler
 .text.LPUART2_IRQHandler
                0x600099c4        0x8 ./startup/startup_mimxrt1011.o
                0x600099c4                LPUART2_IRQHandler
 .text.LPUART3_IRQHandler
                0x600099cc        0x8 ./startup/startup_mimxrt1011.o
                0x600099cc                LPUART3_IRQHandler
 .text.LPUART4_IRQHandler
                0x600099d4        0x8 ./startup/startup_mimxrt1011.o
                0x600099d4                LPUART4_IRQHandler
 .text.PIT_IRQHandler
                0x600099dc        0x8 ./startup/startup_mimxrt1011.o
                0x600099dc                PIT_IRQHandler
 .text.FLEXSPI_IRQHandler
                0x600099e4        0x8 ./startup/startup_mimxrt1011.o
                0x600099e4                FLEXSPI_IRQHandler
 .text.FLEXRAM_IRQHandler
                0x600099ec        0x8 ./startup/startup_mimxrt1011.o
                0x600099ec                FLEXRAM_IRQHandler
 .text.LPI2C1_IRQHandler
                0x600099f4        0x8 ./startup/startup_mimxrt1011.o
                0x600099f4                LPI2C1_IRQHandler
 .text.LPI2C2_IRQHandler
                0x600099fc        0x8 ./startup/startup_mimxrt1011.o
                0x600099fc                LPI2C2_IRQHandler
 .text.GPT1_IRQHandler
                0x60009a04        0x8 ./startup/startup_mimxrt1011.o
                0x60009a04                GPT1_IRQHandler
 .text.GPT2_IRQHandler
                0x60009a0c        0x8 ./startup/startup_mimxrt1011.o
                0x60009a0c                GPT2_IRQHandler
 .text.LPSPI1_IRQHandler
                0x60009a14        0x8 ./startup/startup_mimxrt1011.o
                0x60009a14                LPSPI1_IRQHandler
 .text.LPSPI2_IRQHandler
                0x60009a1c        0x8 ./startup/startup_mimxrt1011.o
                0x60009a1c                LPSPI2_IRQHandler
 .text.PWM1_0_IRQHandler
                0x60009a24        0x8 ./startup/startup_mimxrt1011.o
                0x60009a24                PWM1_0_IRQHandler
 .text.PWM1_1_IRQHandler
                0x60009a2c        0x8 ./startup/startup_mimxrt1011.o
                0x60009a2c                PWM1_1_IRQHandler
 .text.PWM1_2_IRQHandler
                0x60009a34        0x8 ./startup/startup_mimxrt1011.o
                0x60009a34                PWM1_2_IRQHandler
 .text.PWM1_3_IRQHandler
                0x60009a3c        0x8 ./startup/startup_mimxrt1011.o
                0x60009a3c                PWM1_3_IRQHandler
 .text.PWM1_FAULT_IRQHandler
                0x60009a44        0x8 ./startup/startup_mimxrt1011.o
                0x60009a44                PWM1_FAULT_IRQHandler
 .text.KPP_IRQHandler
                0x60009a4c        0x8 ./startup/startup_mimxrt1011.o
                0x60009a4c                KPP_IRQHandler
 .text.SRC_IRQHandler
                0x60009a54        0x8 ./startup/startup_mimxrt1011.o
                0x60009a54                SRC_IRQHandler
 .text.GPR_IRQ_IRQHandler
                0x60009a5c        0x8 ./startup/startup_mimxrt1011.o
                0x60009a5c                GPR_IRQ_IRQHandler
 .text.CCM_1_IRQHandler
                0x60009a64        0x8 ./startup/startup_mimxrt1011.o
                0x60009a64                CCM_1_IRQHandler
 .text.CCM_2_IRQHandler
                0x60009a6c        0x8 ./startup/startup_mimxrt1011.o
                0x60009a6c                CCM_2_IRQHandler
 .text.EWM_IRQHandler
                0x60009a74        0x8 ./startup/startup_mimxrt1011.o
                0x60009a74                EWM_IRQHandler
 .text.WDOG2_IRQHandler
                0x60009a7c        0x8 ./startup/startup_mimxrt1011.o
                0x60009a7c                WDOG2_IRQHandler
 .text.SNVS_HP_WRAPPER_IRQHandler
                0x60009a84        0x8 ./startup/startup_mimxrt1011.o
                0x60009a84                SNVS_HP_WRAPPER_IRQHandler
 .text.SNVS_HP_WRAPPER_TZ_IRQHandler
                0x60009a8c        0x8 ./startup/startup_mimxrt1011.o
                0x60009a8c                SNVS_HP_WRAPPER_TZ_IRQHandler
 .text.SNVS_LP_WRAPPER_IRQHandler
                0x60009a94        0x8 ./startup/startup_mimxrt1011.o
                0x60009a94                SNVS_LP_WRAPPER_IRQHandler
 .text.CSU_IRQHandler
                0x60009a9c        0x8 ./startup/startup_mimxrt1011.o
                0x60009a9c                CSU_IRQHandler
 .text.DCP_IRQHandler
                0x60009aa4        0x8 ./startup/startup_mimxrt1011.o
                0x60009aa4                DCP_IRQHandler
 .text.DCP_VMI_IRQHandler
                0x60009aac        0x8 ./startup/startup_mimxrt1011.o
                0x60009aac                DCP_VMI_IRQHandler
 .text.Reserved68_IRQHandler
                0x60009ab4        0x8 ./startup/startup_mimxrt1011.o
                0x60009ab4                Reserved68_IRQHandler
 .text.TRNG_IRQHandler
                0x60009abc        0x8 ./startup/startup_mimxrt1011.o
                0x60009abc                TRNG_IRQHandler
 .text.Reserved70_IRQHandler
                0x60009ac4        0x8 ./startup/startup_mimxrt1011.o
                0x60009ac4                Reserved70_IRQHandler
 .text.Reserved71_IRQHandler
                0x60009acc        0x8 ./startup/startup_mimxrt1011.o
                0x60009acc                Reserved71_IRQHandler
 .text.SAI1_IRQHandler
                0x60009ad4        0x8 ./startup/startup_mimxrt1011.o
                0x60009ad4                SAI1_IRQHandler
 .text.RTWDOG_IRQHandler
                0x60009adc        0x8 ./startup/startup_mimxrt1011.o
                0x60009adc                RTWDOG_IRQHandler
 .text.SAI3_RX_IRQHandler
                0x60009ae4        0x8 ./startup/startup_mimxrt1011.o
                0x60009ae4                SAI3_RX_IRQHandler
 .text.SAI3_TX_IRQHandler
                0x60009aec        0x8 ./startup/startup_mimxrt1011.o
                0x60009aec                SAI3_TX_IRQHandler
 .text.SPDIF_IRQHandler
                0x60009af4        0x8 ./startup/startup_mimxrt1011.o
                0x60009af4                SPDIF_IRQHandler
 .text.PMU_IRQHandler
                0x60009afc        0x8 ./startup/startup_mimxrt1011.o
                0x60009afc                PMU_IRQHandler
 .text.XBAR1_IRQ_0_1_2_3_IRQHandler
                0x60009b04        0x8 ./startup/startup_mimxrt1011.o
                0x60009b04                XBAR1_IRQ_0_1_2_3_IRQHandler
 .text.TEMP_LOW_HIGH_IRQHandler
                0x60009b0c        0x8 ./startup/startup_mimxrt1011.o
                0x60009b0c                TEMP_LOW_HIGH_IRQHandler
 .text.TEMP_PANIC_IRQHandler
                0x60009b14        0x8 ./startup/startup_mimxrt1011.o
                0x60009b14                TEMP_PANIC_IRQHandler
 .text.USB_PHY_IRQHandler
                0x60009b1c        0x8 ./startup/startup_mimxrt1011.o
                0x60009b1c                USB_PHY_IRQHandler
 .text.GPC_IRQHandler
                0x60009b24        0x8 ./startup/startup_mimxrt1011.o
                0x60009b24                GPC_IRQHandler
 .text.ADC1_IRQHandler
                0x60009b2c        0x8 ./startup/startup_mimxrt1011.o
                0x60009b2c                ADC1_IRQHandler
 .text.FLEXIO1_IRQHandler
                0x60009b34        0x8 ./startup/startup_mimxrt1011.o
                0x60009b34                FLEXIO1_IRQHandler
 .text.DCDC_IRQHandler
                0x60009b3c        0x8 ./startup/startup_mimxrt1011.o
                0x60009b3c                DCDC_IRQHandler
 .text.GPIO1_Combined_0_15_IRQHandler
                0x60009b44        0x8 ./startup/startup_mimxrt1011.o
                0x60009b44                GPIO1_Combined_0_15_IRQHandler
 .text.GPIO1_Combined_16_31_IRQHandler
                0x60009b4c        0x8 ./startup/startup_mimxrt1011.o
                0x60009b4c                GPIO1_Combined_16_31_IRQHandler
 .text.GPIO2_Combined_0_15_IRQHandler
                0x60009b54        0x8 ./startup/startup_mimxrt1011.o
                0x60009b54                GPIO2_Combined_0_15_IRQHandler
 .text.GPIO5_Combined_0_15_IRQHandler
                0x60009b5c        0x8 ./startup/startup_mimxrt1011.o
                0x60009b5c                GPIO5_Combined_0_15_IRQHandler
 .text.WDOG1_IRQHandler
                0x60009b64        0x8 ./startup/startup_mimxrt1011.o
                0x60009b64                WDOG1_IRQHandler
 .text.ADC_ETC_IRQ0_IRQHandler
                0x60009b6c        0x8 ./startup/startup_mimxrt1011.o
                0x60009b6c                ADC_ETC_IRQ0_IRQHandler
 .text.ADC_ETC_IRQ1_IRQHandler
                0x60009b74        0x8 ./startup/startup_mimxrt1011.o
                0x60009b74                ADC_ETC_IRQ1_IRQHandler
 .text.ADC_ETC_IRQ2_IRQHandler
                0x60009b7c        0x8 ./startup/startup_mimxrt1011.o
                0x60009b7c                ADC_ETC_IRQ2_IRQHandler
 .text.ADC_ETC_IRQ3_IRQHandler
                0x60009b84        0x8 ./startup/startup_mimxrt1011.o
                0x60009b84                ADC_ETC_IRQ3_IRQHandler
 .text.ADC_ETC_ERROR_IRQ_IRQHandler
                0x60009b8c        0x8 ./startup/startup_mimxrt1011.o
                0x60009b8c                ADC_ETC_ERROR_IRQ_IRQHandler
 .text.HardFault_Handler
                0x60009b94       0x2c ./source/semihost_hardfault.o
                0x60009b94                HardFault_Handler
 .text.EnableIRQ
                0x60009bc0       0x2c ./source/virtual_com.o
 .text.FLEXIO_LOGIC_Enable
                0x60009bec       0x40 ./source/virtual_com.o
 .text.USB_DeviceIsrEnable
                0x60009c2c       0x2c ./source/virtual_com.o
                0x60009c2c                USB_DeviceIsrEnable
 .text.DisableGlobalIRQ
                0x60009c58       0x20 ./osa/usb_osa_bm.o
 .text.EnableGlobalIRQ
                0x60009c78       0x1e ./osa/usb_osa_bm.o
 .text.USB_OsaEnterCritical
                0x60009c96       0x1c ./osa/usb_osa_bm.o
                0x60009c96                USB_OsaEnterCritical
 .text.USB_OsaExitCritical
                0x60009cb2       0x16 ./osa/usb_osa_bm.o
                0x60009cb2                USB_OsaExitCritical
 .text.USB_OsaMutexDestroy
                0x60009cc8       0x16 ./osa/usb_osa_bm.o
                0x60009cc8                USB_OsaMutexDestroy
 .text.CLOCK_GetRtcFreq
                0x60009cde       0x12 ./drivers/fsl_clock.o
 .text.CLOCK_IsPllBypassed
                0x60009cf0       0x32 ./drivers/fsl_clock.o
 .text.CLOCK_IsPllEnabled
                0x60009d22       0x3c ./drivers/fsl_clock.o
 .text.CLOCK_GetPllBypassRefClk
                0x60009d5e       0x34 ./drivers/fsl_clock.o
 .text.CLOCK_EnableClock
                0x60009d92       0x1e ./drivers/fsl_flexio.o
 .text.FLEXIO_Reset
                0x60009db0       0x26 ./drivers/fsl_flexio.o
                0x60009db0                FLEXIO_Reset
 .text.FLEXIO_SetShifterConfig
                0x60009dd6       0xa0 ./drivers/fsl_flexio.o
                0x60009dd6                FLEXIO_SetShifterConfig
 .text.FLEXIO_SetTimerConfig
                0x60009e76       0xe8 ./drivers/fsl_flexio.o
                0x60009e76                FLEXIO_SetTimerConfig
 .text.FLEXIO1_DriverIRQHandler
                0x60009f5e        0xc ./drivers/fsl_flexio.o
                0x60009f5e                FLEXIO1_DriverIRQHandler
 .text.FLEXIO_GetShifterStatusFlags
                0x60009f6a       0x1a ./drivers/fsl_flexio_logic.o
 .text.FLEXIO_ClearShifterStatusFlags
                0x60009f84       0x1c ./drivers/fsl_flexio_logic.o
 .text.FLEXIO_ClearShifterErrorFlags
                0x60009fa0       0x1c ./drivers/fsl_flexio_logic.o
 .text.FLEXIO_ClearTimerStatusFlags
                0x60009fbc       0x1c ./drivers/fsl_flexio_logic.o
 .text.FLEXIO_LOGIC_GetStatusFlags
                0x60009fd8       0x38 ./drivers/fsl_flexio_logic.o
                0x60009fd8                FLEXIO_LOGIC_GetStatusFlags
 .text.FLEXIO_LOGIC_ClearStatusFlags
                0x6000a010       0x62 ./drivers/fsl_flexio_logic.o
                0x6000a010                FLEXIO_LOGIC_ClearStatusFlags
 .text.SerialManager_StartWriting
                0x6000a072       0x4a ./component/serial_manager/serial_manager.o
 .text.SerialManager_WriteBlocking
                0x6000a0bc       0x20 ./component/serial_manager/serial_manager.o
                0x6000a0bc                SerialManager_WriteBlocking
 .text.CLOCK_DisableClock
                0x6000a0dc       0x1e ./board/clock_config.o
 .text.CLOCK_SetPllBypass
                0x6000a0fa       0x4e ./board/clock_config.o
 .text.IOMUXC_SetSaiMClkClockSource
                0x6000a148       0x6c ./board/clock_config.o
 .text.CLOCK_EnableClock
                0x6000a1b4       0x1e ./board/pin_mux.o
 .text.IOMUXC_SetPinMux
                0x6000a1d2       0x3a ./board/pin_mux.o
 .text.IOMUXC_SetPinConfig
                0x6000a20c       0x26 ./board/pin_mux.o
 .text.__main   0x6000a232        0xe c:/nxp/mcuxpressoide_11.1.0_3209/ide/plugins/com.nxp.mcuxpresso.tools.win32_11.1.0.201909161352/tools/bin/../lib/gcc/arm-none-eabi/8.3.1/../../../../arm-none-eabi/lib/thumb/v7e-m+fp/hard\libcr_nohost_nf.a(_cr__main.o)
                0x6000a232                __main
 .text.__sys_appexit
                0x6000a240        0x2 c:/nxp/mcuxpressoide_11.1.0_3209/ide/plugins/com.nxp.mcuxpresso.tools.win32_11.1.0.201909161352/tools/bin/../lib/gcc/arm-none-eabi/8.3.1/../../../../arm-none-eabi/lib/thumb/v7e-m+fp/hard\libcr_nohost_nf.a(__sys_appexit.o)
                0x6000a240                __sys_appexit
                0x6000a240                __exit
 .text.memset   0x6000a242        0x4 c:/nxp/mcuxpressoide_11.1.0_3209/ide/plugins/com.nxp.mcuxpresso.tools.win32_11.1.0.201909161352/tools/bin/../lib/gcc/arm-none-eabi/8.3.1/../../../../arm-none-eabi/lib/thumb/v7e-m+fp/hard\libcr_c.a(memset.o)
                0x6000a242                memset
 .text._deferredlazyseek
                0x6000a246       0x40 c:/nxp/mcuxpressoide_11.1.0_3209/ide/plugins/com.nxp.mcuxpresso.tools.win32_11.1.0.201909161352/tools/bin/../lib/gcc/arm-none-eabi/8.3.1/../../../../arm-none-eabi/lib/thumb/v7e-m+fp/hard\libcr_c.a(_deferredlazyseek.o)
                0x6000a246                _deferredlazyseek
 .text.__flsbuf
                0x6000a286      0x140 c:/nxp/mcuxpressoide_11.1.0_3209/ide/plugins/com.nxp.mcuxpresso.tools.win32_11.1.0.201909161352/tools/bin/../lib/gcc/arm-none-eabi/8.3.1/../../../../arm-none-eabi/lib/thumb/v7e-m+fp/hard\libcr_c.a(_deferredlazyseek.o)
                0x6000a286                __flsbuf
 .text._fflush  0x6000a3c6       0x52 c:/nxp/mcuxpressoide_11.1.0_3209/ide/plugins/com.nxp.mcuxpresso.tools.win32_11.1.0.201909161352/tools/bin/../lib/gcc/arm-none-eabi/8.3.1/../../../../arm-none-eabi/lib/thumb/v7e-m+fp/hard\libcr_c.a(_fflush.o)
                0x6000a3c6                _fflush
 .text.free     0x6000a418       0x30 c:/nxp/mcuxpressoide_11.1.0_3209/ide/plugins/com.nxp.mcuxpresso.tools.win32_11.1.0.201909161352/tools/bin/../lib/gcc/arm-none-eabi/8.3.1/../../../../arm-none-eabi/lib/thumb/v7e-m+fp/hard\libcr_c.a(alloc.o)
                0x6000a418                free
 .text.fputs    0x6000a448       0x2c c:/nxp/mcuxpressoide_11.1.0_3209/ide/plugins/com.nxp.mcuxpresso.tools.win32_11.1.0.201909161352/tools/bin/../lib/gcc/arm-none-eabi/8.3.1/../../../../arm-none-eabi/lib/thumb/v7e-m+fp/hard\libcr_c.a(fputs.o)
                0x6000a448                fputs
 .text.strlen   0x6000a474       0x4c c:/nxp/mcuxpressoide_11.1.0_3209/ide/plugins/com.nxp.mcuxpresso.tools.win32_11.1.0.201909161352/tools/bin/../lib/gcc/arm-none-eabi/8.3.1/../../../../arm-none-eabi/lib/thumb/v7e-m+fp/hard\libcr_c.a(strlen.o)
                0x6000a474                strlen
 .text._fdopen  0x6000a4c0       0x68 c:/nxp/mcuxpressoide_11.1.0_3209/ide/plugins/com.nxp.mcuxpresso.tools.win32_11.1.0.201909161352/tools/bin/../lib/gcc/arm-none-eabi/8.3.1/../../../../arm-none-eabi/lib/thumb/v7e-m+fp/hard\libcr_c.a(_fdopen.o)
                0x6000a4c0                _fdopen
 .text.fclose   0x6000a528       0x58 c:/nxp/mcuxpressoide_11.1.0_3209/ide/plugins/com.nxp.mcuxpresso.tools.win32_11.1.0.201909161352/tools/bin/../lib/gcc/arm-none-eabi/8.3.1/../../../../arm-none-eabi/lib/thumb/v7e-m+fp/hard\libcr_c.a(fclose.o)
                0x6000a528                fclose
 .text.remove   0x6000a580       0x14 c:/nxp/mcuxpressoide_11.1.0_3209/ide/plugins/com.nxp.mcuxpresso.tools.win32_11.1.0.201909161352/tools/bin/../lib/gcc/arm-none-eabi/8.3.1/../../../../arm-none-eabi/lib/thumb/v7e-m+fp/hard\libcr_c.a(remove.o)
                0x6000a580                remove
 .text._do_fflush
                0x6000a594       0x40 c:/nxp/mcuxpressoide_11.1.0_3209/ide/plugins/com.nxp.mcuxpresso.tools.win32_11.1.0.201909161352/tools/bin/../lib/gcc/arm-none-eabi/8.3.1/../../../../arm-none-eabi/lib/thumb/v7e-m+fp/hard\libcr_c.a(_do_fflush.o)
                0x6000a594                _do_fflush
 .text.__aeabi_division_uldivmod
                0x6000a5d4      0x174 c:/nxp/mcuxpressoide_11.1.0_3209/ide/plugins/com.nxp.mcuxpresso.tools.win32_11.1.0.201909161352/tools/bin/../lib/gcc/arm-none-eabi/8.3.1/thumb/v7e-m+fp/hard\libcr_eabihelpers.a(division_64.o)
                0x6000a5d4                __aeabi_uldivmod
                0x6000a5d8                __bhs_ldivmod1
 .text.__aeabi_division_idiv0
                0x6000a748        0x2 c:/nxp/mcuxpressoide_11.1.0_3209/ide/plugins/com.nxp.mcuxpresso.tools.win32_11.1.0.201909161352/tools/bin/../lib/gcc/arm-none-eabi/8.3.1/thumb/v7e-m+fp/hard\libcr_eabihelpers.a(division_idiv0.o)
                0x6000a748                __aeabi_idiv0
 .text.__aeabi_memset_lowlevel
                0x6000a74a       0x32 c:/nxp/mcuxpressoide_11.1.0_3209/ide/plugins/com.nxp.mcuxpresso.tools.win32_11.1.0.201909161352/tools/bin/../lib/gcc/arm-none-eabi/8.3.1/thumb/v7e-m+fp/hard\libcr_eabihelpers.a(memcpy.o)
                0x6000a74a                __aeabi_lowlevel_memset
 .text.__sys_close
                0x6000a77c        0x6 c:/nxp/mcuxpressoide_11.1.0_3209/ide/plugins/com.nxp.mcuxpresso.tools.win32_11.1.0.201909161352/tools/bin/../lib/gcc/arm-none-eabi/8.3.1/../../../../arm-none-eabi/lib/thumb/v7e-m+fp/hard\libcr_nohost_nf.a(__sys_close.o)
                0x6000a77c                __sys_close
 .text.__sys_flen
                0x6000a782        0x6 c:/nxp/mcuxpressoide_11.1.0_3209/ide/plugins/com.nxp.mcuxpresso.tools.win32_11.1.0.201909161352/tools/bin/../lib/gcc/arm-none-eabi/8.3.1/../../../../arm-none-eabi/lib/thumb/v7e-m+fp/hard\libcr_nohost_nf.a(__sys_flen.o)
                0x6000a782                __sys_flen
 .text.__sys_istty
                0x6000a788        0x6 c:/nxp/mcuxpressoide_11.1.0_3209/ide/plugins/com.nxp.mcuxpresso.tools.win32_11.1.0.201909161352/tools/bin/../lib/gcc/arm-none-eabi/8.3.1/../../../../arm-none-eabi/lib/thumb/v7e-m+fp/hard\libcr_nohost_nf.a(__sys_istty.o)
                0x6000a788                __sys_istty
 .text.__sys_remove
                0x6000a78e        0x6 c:/nxp/mcuxpressoide_11.1.0_3209/ide/plugins/com.nxp.mcuxpresso.tools.win32_11.1.0.201909161352/tools/bin/../lib/gcc/arm-none-eabi/8.3.1/../../../../arm-none-eabi/lib/thumb/v7e-m+fp/hard\libcr_nohost_nf.a(__sys_remove.o)
                0x6000a78e                __sys_remove
 .text.__sys_seek
                0x6000a794        0x6 c:/nxp/mcuxpressoide_11.1.0_3209/ide/plugins/com.nxp.mcuxpresso.tools.win32_11.1.0.201909161352/tools/bin/../lib/gcc/arm-none-eabi/8.3.1/../../../../arm-none-eabi/lib/thumb/v7e-m+fp/hard\libcr_nohost_nf.a(__sys_seek.o)
                0x6000a794                __sys_seek
 .text.__sys_tmpnam
                0x6000a79a        0x6 c:/nxp/mcuxpressoide_11.1.0_3209/ide/plugins/com.nxp.mcuxpresso.tools.win32_11.1.0.201909161352/tools/bin/../lib/gcc/arm-none-eabi/8.3.1/../../../../arm-none-eabi/lib/thumb/v7e-m+fp/hard\libcr_nohost_nf.a(__sys_tmpnam.o)
                0x6000a79a                __sys_tmpnam
 .text.__sys_write
                0x6000a7a0        0x4 c:/nxp/mcuxpressoide_11.1.0_3209/ide/plugins/com.nxp.mcuxpresso.tools.win32_11.1.0.201909161352/tools/bin/../lib/gcc/arm-none-eabi/8.3.1/../../../../arm-none-eabi/lib/thumb/v7e-m+fp/hard\libcr_nohost_nf.a(__sys_write.o)
                0x6000a7a0                __sys_write
 *(SORT_BY_ALIGNMENT(.rodata) SORT_BY_ALIGNMENT(.rodata.*) SORT_BY_ALIGNMENT(.constdata) SORT_BY_ALIGNMENT(.constdata.*))
 .rodata.DbgConsole_SendDataReliable.str1.4
                0x6000a7a4       0x4d ./utilities/fsl_debug_console.o
 *fill*         0x6000a7f1        0x3 ff
 .rodata.s_UsbDeviceStandardRequest
                0x6000a7f4       0x34 ./usb/device/source/usb_device_ch9.o
 .rodata.s_UsbDeviceEhciInterface
                0x6000a828       0x18 ./usb/device/source/usb_device_dci.o
 .rodata.USB_DeviceCdcAcmEvent.str1.4
                0x6000a840       0x89 ./usb/device/class/cdc/usb_device_cdc_acm.o
 *fill*         0x6000a8c9        0x3 ff
 .rodata.USB_DeviceCdcAcmInit.str1.4
                0x6000a8cc       0x14 ./usb/device/class/cdc/usb_device_cdc_acm.o
 .rodata.USB_DeviceCdcAcmDeinit.str1.4
                0x6000a8e0       0x15 ./usb/device/class/cdc/usb_device_cdc_acm.o
 *fill*         0x6000a8f5        0x3 ff
 .rodata.s_UsbDeviceClassInterfaceMap
                0x6000a8f8       0x20 ./usb/device/class/usb_device_class.o
 .rodata.CLOCK_SetMux.str1.4
                0x6000a918       0x95 ./source/virtual_com.o
 *fill*         0x6000a9ad        0x3 ff
 .rodata.CLOCK_SetDiv.str1.4
                0x6000a9b0       0x95 ./source/virtual_com.o
 *fill*         0x6000aa45        0x3 ff
 .rodata        0x6000aa48        0x3 ./source/virtual_com.o
 *fill*         0x6000aa4b        0x1 ff
 .rodata.USB_DeviceCdcVcomCallback.str1.4
                0x6000aa4c       0x2e ./source/virtual_com.o
 *fill*         0x6000aa7a        0x2 ff
 .rodata.APPInit.str1.4
                0x6000aa7c       0x3e ./source/virtual_com.o
 *fill*         0x6000aaba        0x2 ff
 .rodata.CLOCK_InitExternalClk.str1.4
                0x6000aabc       0x22 ./drivers/fsl_clock.o
 *fill*         0x6000aade        0x2 ff
 .rodata.CLOCK_ControlGate.str1.4
                0x6000aae0       0x1e ./drivers/fsl_flexio.o
 *fill*         0x6000aafe        0x2 ff
 .rodata.s_flexioBases
                0x6000ab00        0x8 ./drivers/fsl_flexio.o
                0x6000ab00                s_flexioBases
 .rodata.s_flexioClocks
                0x6000ab08        0x4 ./drivers/fsl_flexio.o
                0x6000ab08                s_flexioClocks
 .rodata.FLEXIO_GetInstance.str1.4
                0x6000ab0c       0x38 ./drivers/fsl_flexio.o
 .rodata.FLEXIO_GetDefaultConfig.str1.4
                0x6000ab44       0x1f ./drivers/fsl_flexio.o
 *fill*         0x6000ab63        0x1 ff
 .rodata.FLEXIO_LOGIC_Init.str1.4
                0x6000ab64       0x9e ./drivers/fsl_flexio_logic.o
 *fill*         0x6000ac02        0x2 ff
 .rodata.FLEXIO_LOGIC_ReadBlocking.str1.4
                0x6000ac04       0x21 ./drivers/fsl_flexio_logic.o
 *fill*         0x6000ac25        0x3 ff
 .rodata.LPUART_WriteBlocking.str1.4
                0x6000ac28       0x21 ./drivers/fsl_lpuart.o
 *fill*         0x6000ac49        0x3 ff
 .rodata.s_LpuartAdapterBase
                0x6000ac4c       0x14 ./component/uart/lpuart_adapter.o
 .rodata.HAL_UartSendBlocking.str1.4
                0x6000ac60       0x5f ./component/uart/lpuart_adapter.o
 *fill*         0x6000acbf        0x1 ff
 .rodata.SerialManager_Write.str1.4
                0x6000acc0       0x83 ./component/serial_manager/serial_manager.o
 *fill*         0x6000ad43        0x1 ff
 .rodata.Serial_UartWrite.str1.4
                0x6000ad44       0x6d ./component/serial_manager/serial_port_uart.o
 *fill*         0x6000adb1        0x3 ff
 .rodata.BOARD_ConfigMPU.str1.4
                0x6000adb4       0x6a ./board/board.o
 .rodata.CLOCK_SetMux.str1.4
                0x6000ae1e       0x95 ./board/clock_config.o
 .rodata.CLOCK_SetDiv.str1.4
                0x6000ae1e       0x95 ./board/clock_config.o
 *fill*         0x6000ae1e        0x2 ff
 .rodata.CLOCK_ControlGate.str1.4
                0x6000ae20       0x84 ./board/clock_config.o
                                 0x82 (size before relaxing)
 .rodata.sysPllConfig_BOARD_BootClockRUN
                0x6000aea4       0x14 ./board/clock_config.o
                0x6000aea4                sysPllConfig_BOARD_BootClockRUN
 .rodata.enetPllConfig_BOARD_BootClockRUN
                0x6000aeb8        0x5 ./board/clock_config.o
                0x6000aeb8                enetPllConfig_BOARD_BootClockRUN
 .rodata.CLOCK_ControlGate.str1.4
                0x6000aebd       0x82 ./board/pin_mux.o
 *fill*         0x6000aebd        0x3 ff
 .rodata.__num_Ciob_streams
                0x6000aec0        0x4 c:/nxp/mcuxpressoide_11.1.0_3209/ide/plugins/com.nxp.mcuxpresso.tools.win32_11.1.0.201909161352/tools/bin/../lib/gcc/arm-none-eabi/8.3.1/../../../../arm-none-eabi/lib/thumb/v7e-m+fp/hard\libcr_nohost_nf.a(__ciob.o)
                0x6000aec0                __num_Ciob_streams
 .rodata.__assertion_failed.str1.1
                0x6000aec4       0x15 c:/nxp/mcuxpressoide_11.1.0_3209/ide/plugins/com.nxp.mcuxpresso.tools.win32_11.1.0.201909161352/tools/bin/../lib/gcc/arm-none-eabi/8.3.1/../../../../arm-none-eabi/lib/thumb/v7e-m+fp/hard\libcr_nohost_nf.a(_cr_assert.o)
 .rodata._Csys_alloc.str1.1
                0x6000aed9       0x18 c:/nxp/mcuxpressoide_11.1.0_3209/ide/plugins/com.nxp.mcuxpresso.tools.win32_11.1.0.201909161352/tools/bin/../lib/gcc/arm-none-eabi/8.3.1/../../../../arm-none-eabi/lib/thumb/v7e-m+fp/hard\libcr_c.a(alloc.o)
 .rodata._initio.str1.1
                0x6000aef1        0x4 c:/nxp/mcuxpressoide_11.1.0_3209/ide/plugins/com.nxp.mcuxpresso.tools.win32_11.1.0.201909161352/tools/bin/../lib/gcc/arm-none-eabi/8.3.1/../../../../arm-none-eabi/lib/thumb/v7e-m+fp/hard\libcr_c.a(initio.o)
                0x6000aef8                . = ALIGN (0x4)
 *fill*         0x6000aef5        0x3 ff

.glue_7         0x6000aef8        0x0
 .glue_7        0x6000aef8        0x0 linker stubs

.glue_7t        0x6000aef8        0x0
 .glue_7t       0x6000aef8        0x0 linker stubs

.vfp11_veneer   0x6000aef8        0x0
 .vfp11_veneer  0x6000aef8        0x0 linker stubs

.v4_bx          0x6000aef8        0x0
 .v4_bx         0x6000aef8        0x0 linker stubs

.iplt           0x6000aef8        0x0
 .iplt          0x6000aef8        0x0 ./xip/evkmimxrt1010_flexspi_nor_config.o

.rel.dyn        0x6000aef8        0x0
 .rel.iplt      0x6000aef8        0x0 ./xip/evkmimxrt1010_flexspi_nor_config.o

.ARM.extab
 *(SORT_BY_ALIGNMENT(.ARM.extab*) SORT_BY_ALIGNMENT(.gnu.linkonce.armextab.*))
                0x6000aef8                __exidx_start = .

.ARM.exidx
 *(SORT_BY_ALIGNMENT(.ARM.exidx*) SORT_BY_ALIGNMENT(.gnu.linkonce.armexidx.*))
                0x6000aef8                __exidx_end = .
                0x6000aef8                _etext = .

.data_RAM2      0x20210000        0x0 load address 0x6000aef8
 FILL mask 0xff
                [!provide]                PROVIDE (__start_data_RAM2 = .)
                [!provide]                PROVIDE (__start_data_NCACHE_REGION = .)
 *(SORT_BY_ALIGNMENT(.ramfunc.$RAM2))
 *(SORT_BY_ALIGNMENT(.ramfunc.$NCACHE_REGION))
 *(SORT_BY_ALIGNMENT(.data.$RAM2))
 *(SORT_BY_ALIGNMENT(.data.$NCACHE_REGION))
 *(SORT_BY_ALIGNMENT(.data.$RAM2.*))
 *(SORT_BY_ALIGNMENT(.data.$NCACHE_REGION.*))
                0x20210000                . = ALIGN (0x4)
                [!provide]                PROVIDE (__end_data_RAM2 = .)
                [!provide]                PROVIDE (__end_data_NCACHE_REGION = .)

.data_RAM3      0x20000000       0xc0 load address 0x6000aef8
 FILL mask 0xff
                [!provide]                PROVIDE (__start_data_RAM3 = .)
                [!provide]                PROVIDE (__start_data_SRAM_DTC = .)
 *(SORT_BY_ALIGNMENT(.ramfunc.$RAM3))
 *(SORT_BY_ALIGNMENT(.ramfunc.$SRAM_DTC))
 *(SORT_BY_ALIGNMENT(NonCacheable.init))
 NonCacheable.init
                0x20000000       0xae ./source/usb_device_descriptor.o
                0x20000000                g_UsbDeviceDescriptor
                0x20000014                g_UsbDeviceConfigurationDescriptor
                0x20000058                g_UsbDeviceString0
                0x2000005c                g_UsbDeviceString1
                0x20000084                g_UsbDeviceString2
 *fill*         0x200000ae        0x2 ff
 NonCacheable.init
                0x200000b0        0xe ./source/virtual_com.o
 *(SORT_BY_ALIGNMENT(.data.$RAM3))
 *(SORT_BY_ALIGNMENT(.data.$SRAM_DTC))
 *(SORT_BY_ALIGNMENT(.data.$RAM3.*))
 *(SORT_BY_ALIGNMENT(.data.$SRAM_DTC.*))
                0x200000c0                . = ALIGN (0x4)
 *fill*         0x200000be        0x2 ff
                [!provide]                PROVIDE (__end_data_RAM3 = .)
                [!provide]                PROVIDE (__end_data_SRAM_DTC = .)

.data_RAM4      0x00000000        0x0 load address 0x6000afb8
 FILL mask 0xff
                [!provide]                PROVIDE (__start_data_RAM4 = .)
                [!provide]                PROVIDE (__start_data_SRAM_ITC = .)
 *(SORT_BY_ALIGNMENT(.ramfunc.$RAM4))
 *(SORT_BY_ALIGNMENT(.ramfunc.$SRAM_ITC))
 *(SORT_BY_ALIGNMENT(.data.$RAM4))
 *(SORT_BY_ALIGNMENT(.data.$SRAM_ITC))
 *(SORT_BY_ALIGNMENT(.data.$RAM4.*))
 *(SORT_BY_ALIGNMENT(.data.$SRAM_ITC.*))
                0x00000000                . = ALIGN (0x4)
                [!provide]                PROVIDE (__end_data_RAM4 = .)
                [!provide]                PROVIDE (__end_data_SRAM_ITC = .)

.uninit_RESERVED
                0x20200000        0x0
                0x20200000                _start_uninit_RESERVED = .
 *(SORT_BY_ALIGNMENT(.bss.$RESERVED*))
                0x20200000                . = ALIGN (0x4)
                0x20200000                _end_uninit_RESERVED = .

.data           0x20200000       0xd0 load address 0x6000afb8
 FILL mask 0xff
                0x20200000                _data = .
                [!provide]                PROVIDE (__start_data_RAM = .)
                [!provide]                PROVIDE (__start_data_SRAM_OC = .)
 *(SORT_BY_ALIGNMENT(vtable))
 *(SORT_BY_ALIGNMENT(.ramfunc*))
 *(SORT_BY_ALIGNMENT(CodeQuickAccess))
 *(SORT_BY_ALIGNMENT(DataQuickAccess))
 *(SORT_BY_ALIGNMENT(RamFunction))
 *(SORT_BY_ALIGNMENT(.data*))
 .data.g_UsbDeviceCdcVcomCicEndpoints
                0x20200000        0x6 ./source/usb_device_descriptor.o
                0x20200000                g_UsbDeviceCdcVcomCicEndpoints
 *fill*         0x20200006        0x2 ff
 .data.g_UsbDeviceCdcVcomDicEndpoints
                0x20200008        0xc ./source/usb_device_descriptor.o
                0x20200008                g_UsbDeviceCdcVcomDicEndpoints
 .data.g_UsbDeviceCdcVcomCommunicationInterface
                0x20200014       0x10 ./source/usb_device_descriptor.o
                0x20200014                g_UsbDeviceCdcVcomCommunicationInterface
 .data.g_UsbDeviceCdcVcomDataInterface
                0x20200024       0x10 ./source/usb_device_descriptor.o
                0x20200024                g_UsbDeviceCdcVcomDataInterface
 .data.g_UsbDeviceCdcVcomInterfaces
                0x20200034       0x18 ./source/usb_device_descriptor.o
                0x20200034                g_UsbDeviceCdcVcomInterfaces
 .data.g_UsbDeviceCdcVcomInterfaceList
                0x2020004c        0x8 ./source/usb_device_descriptor.o
                0x2020004c                g_UsbDeviceCdcVcomInterfaceList
 .data.g_UsbDeviceCdcVcomConfig
                0x20200054        0x8 ./source/usb_device_descriptor.o
                0x20200054                g_UsbDeviceCdcVcomConfig
 .data.g_UsbDeviceStringDescriptorArray
                0x2020005c        0xc ./source/usb_device_descriptor.o
                0x2020005c                g_UsbDeviceStringDescriptorArray
 .data.g_UsbDeviceStringDescriptorLength
                0x20200068        0xc ./source/usb_device_descriptor.o
                0x20200068                g_UsbDeviceStringDescriptorLength
 .data.g_UsbDeviceLanguage
                0x20200074        0xc ./source/usb_device_descriptor.o
                0x20200074                g_UsbDeviceLanguage
 .data.g_UsbDeviceLanguageList
                0x20200080       0x10 ./source/usb_device_descriptor.o
                0x20200080                g_UsbDeviceLanguageList
 .data.s_FlexioLogicDevice
                0x20200090       0x24 ./source/virtual_com.o
 .data.s_cdcAcmConfig
                0x202000b4        0xc ./source/virtual_com.o
 .data.s_cdcAcmConfigList
                0x202000c0        0xc ./source/virtual_com.o
 .data.SystemCoreClock
                0x202000cc        0x4 ./device/system_MIMXRT1011.o
                0x202000cc                SystemCoreClock
                0x202000d0                . = ALIGN (0x4)
                0x202000d0                _edata = .
                [!provide]                PROVIDE (__end_data_RAM = .)
                [!provide]                PROVIDE (__end_data_SRAM_OC = .)

.igot.plt       0x202000d0        0x0 load address 0x6000b088
 .igot.plt      0x202000d0        0x0 ./xip/evkmimxrt1010_flexspi_nor_config.o

.bss_RAM2       0x20210000        0x0
                [!provide]                PROVIDE (__start_bss_RAM2 = .)
                [!provide]                PROVIDE (__start_bss_NCACHE_REGION = .)
 *(SORT_BY_ALIGNMENT(.bss.$RAM2))
 *(SORT_BY_ALIGNMENT(.bss.$NCACHE_REGION))
 *(SORT_BY_ALIGNMENT(.bss.$RAM2.*))
 *(SORT_BY_ALIGNMENT(.bss.$NCACHE_REGION.*))
                0x20210000                . = ALIGN ((. != 0x0)?0x4:0x1)
                [!provide]                PROVIDE (__end_bss_RAM2 = .)
                [!provide]                PROVIDE (__end_bss_NCACHE_REGION = .)

.bss_RAM3       0x20000800      0xae8
                [!provide]                PROVIDE (__start_bss_RAM3 = .)
                [!provide]                PROVIDE (__start_bss_SRAM_DTC = .)
 *(SORT_BY_ALIGNMENT(NonCacheable))
 NonCacheable   0x20000800      0x600 ./usb/device/source/ehci/usb_device_ehci.o
 NonCacheable   0x20000e00       0x78 ./usb/device/source/usb_device_dci.o
 NonCacheable   0x20000e78       0x44 ./usb/device/class/cdc/usb_device_cdc_acm.o
                0x20000e78                g_cdcAcmHandle
 NonCacheable   0x20000ebc       0x18 ./usb/device/class/usb_device_class.o
 NonCacheable   0x20000ed4      0x414 ./source/virtual_com.o
 *(SORT_BY_ALIGNMENT(.bss.$RAM3))
 *(SORT_BY_ALIGNMENT(.bss.$SRAM_DTC))
 *(SORT_BY_ALIGNMENT(.bss.$RAM3.*))
 *(SORT_BY_ALIGNMENT(.bss.$SRAM_DTC.*))
                0x200012e8                . = ALIGN ((. != 0x0)?0x4:0x1)
                [!provide]                PROVIDE (__end_bss_RAM3 = .)
                [!provide]                PROVIDE (__end_bss_SRAM_DTC = .)

.bss_RAM4       0x00000000        0x0
                [!provide]                PROVIDE (__start_bss_RAM4 = .)
                [!provide]                PROVIDE (__start_bss_SRAM_ITC = .)
 *(SORT_BY_ALIGNMENT(.bss.$RAM4))
 *(SORT_BY_ALIGNMENT(.bss.$SRAM_ITC))
 *(SORT_BY_ALIGNMENT(.bss.$RAM4.*))
 *(SORT_BY_ALIGNMENT(.bss.$SRAM_ITC.*))
                0x00000000                . = ALIGN ((. != 0x0)?0x4:0x1)
                [!provide]                PROVIDE (__end_bss_RAM4 = .)
                [!provide]                PROVIDE (__end_bss_SRAM_ITC = .)

.bss            0x202000d0      0x9a8
                0x202000d0                _bss = .
                [!provide]                PROVIDE (__start_bss_RAM = .)
                [!provide]                PROVIDE (__start_bss_SRAM_OC = .)
 *(SORT_BY_ALIGNMENT(.bss*))
 .bss.s_debugConsoleState
                0x202000d0       0x1c ./utilities/fsl_debug_console.o
 .bss.g_serialHandle
                0x202000ec        0x4 ./utilities/fsl_debug_console.o
                0x202000ec                g_serialHandle
 .bss.g_UsbDeviceEhciState
                0x202000f0       0x5c ./usb/device/source/ehci/usb_device_ehci.o
 .bss.g_UsbDeviceEhciStateStatus
                0x2020014c        0x1 ./usb/device/source/ehci/usb_device_ehci.o
 *fill*         0x2020014d        0x3 
 .bss.s_FlexioLogicConfig
                0x20200150       0x10 ./source/virtual_com.o
                0x20200150                s_FlexioLogicConfig
 .bss.sampleData
                0x20200160      0x800 ./source/virtual_com.o
                0x20200160                sampleData
 .bss.g_systickCounter
                0x20200960        0x4 ./source/virtual_com.o
                0x20200960                g_systickCounter
 .bss.s_cdcVcom
                0x20200964       0x10 ./source/virtual_com.o
                0x20200964                s_cdcVcom
 .bss.s_recvSize
                0x20200974        0x4 ./source/virtual_com.o
 .bss.s_sendSize
                0x20200978        0x4 ./source/virtual_com.o
 .bss.g_xtalFreq
                0x2020097c        0x4 ./drivers/fsl_clock.o
                0x2020097c                g_xtalFreq
 .bss.g_rtcXtalFreq
                0x20200980        0x4 ./drivers/fsl_clock.o
                0x20200980                g_rtcXtalFreq
 .bss.s_flexioHandle
                0x20200984        0x8 ./drivers/fsl_flexio.o
 .bss.s_flexioType
                0x2020098c        0x8 ./drivers/fsl_flexio.o
 .bss.s_flexioIsr
                0x20200994        0x8 ./drivers/fsl_flexio.o
 .bss.s_lpuartHandle
                0x2020099c       0x14 ./drivers/fsl_lpuart.o
 .bss.s_lpuartIsr
                0x202009b0        0x4 ./drivers/fsl_lpuart.o
 .bss.__Ciob    0x202009b4       0xb4 c:/nxp/mcuxpressoide_11.1.0_3209/ide/plugins/com.nxp.mcuxpresso.tools.win32_11.1.0.201909161352/tools/bin/../lib/gcc/arm-none-eabi/8.3.1/../../../../arm-none-eabi/lib/thumb/v7e-m+fp/hard\libcr_nohost_nf.a(__ciob.o)
                0x202009b4                __Ciob
 .bss.__end_of_heap
                0x20200a68        0x4 c:/nxp/mcuxpressoide_11.1.0_3209/ide/plugins/com.nxp.mcuxpresso.tools.win32_11.1.0.201909161352/tools/bin/../lib/gcc/arm-none-eabi/8.3.1/../../../../arm-none-eabi/lib/thumb/v7e-m+fp/hard\libcr_c.a(__init_alloc.o)
                0x20200a68                __end_of_heap
 .bss.__heaps   0x20200a6c        0x4 c:/nxp/mcuxpressoide_11.1.0_3209/ide/plugins/com.nxp.mcuxpresso.tools.win32_11.1.0.201909161352/tools/bin/../lib/gcc/arm-none-eabi/8.3.1/../../../../arm-none-eabi/lib/thumb/v7e-m+fp/hard\libcr_c.a(__init_alloc.o)
                0x20200a6c                __heaps
 .bss.errno     0x20200a70        0x4 c:/nxp/mcuxpressoide_11.1.0_3209/ide/plugins/com.nxp.mcuxpresso.tools.win32_11.1.0.201909161352/tools/bin/../lib/gcc/arm-none-eabi/8.3.1/../../../../arm-none-eabi/lib/thumb/v7e-m+fp/hard\libcr_c.a(errno.o)
                0x20200a70                errno
 .bss.TxSamples.9761
                0x20200a74        0x1 ./source/virtual_com.o
 *(SORT_BY_ALIGNMENT(COMMON))
                0x20200a78                . = ALIGN (0x4)
 *fill*         0x20200a75        0x3 
                0x20200a78                _ebss = .
                [!provide]                PROVIDE (__end_bss_RAM = .)
                [!provide]                PROVIDE (__end_bss_SRAM_OC = .)
                [!provide]                PROVIDE (end = .)

.noinit_RAM2    0x20210000        0x0
                [!provide]                PROVIDE (__start_noinit_RAM2 = .)
                [!provide]                PROVIDE (__start_noinit_NCACHE_REGION = .)
 *(SORT_BY_ALIGNMENT(.noinit.$RAM2))
 *(SORT_BY_ALIGNMENT(.noinit.$NCACHE_REGION))
 *(SORT_BY_ALIGNMENT(.noinit.$RAM2.*))
 *(SORT_BY_ALIGNMENT(.noinit.$NCACHE_REGION.*))
                0x20210000                . = ALIGN (0x4)
                [!provide]                PROVIDE (__end_noinit_RAM2 = .)
                [!provide]                PROVIDE (__end_noinit_NCACHE_REGION = .)

.noinit_RAM3    0x200012e8        0x0
                [!provide]                PROVIDE (__start_noinit_RAM3 = .)
                [!provide]                PROVIDE (__start_noinit_SRAM_DTC = .)
 *(SORT_BY_ALIGNMENT(.noinit.$RAM3))
 *(SORT_BY_ALIGNMENT(.noinit.$SRAM_DTC))
 *(SORT_BY_ALIGNMENT(.noinit.$RAM3.*))
 *(SORT_BY_ALIGNMENT(.noinit.$SRAM_DTC.*))
                0x200012e8                . = ALIGN (0x4)
                [!provide]                PROVIDE (__end_noinit_RAM3 = .)
                [!provide]                PROVIDE (__end_noinit_SRAM_DTC = .)

.noinit_RAM4    0x00000000        0x0
                [!provide]                PROVIDE (__start_noinit_RAM4 = .)
                [!provide]                PROVIDE (__start_noinit_SRAM_ITC = .)
 *(SORT_BY_ALIGNMENT(.noinit.$RAM4))
 *(SORT_BY_ALIGNMENT(.noinit.$SRAM_ITC))
 *(SORT_BY_ALIGNMENT(.noinit.$RAM4.*))
 *(SORT_BY_ALIGNMENT(.noinit.$SRAM_ITC.*))
                0x00000000                . = ALIGN (0x4)
                [!provide]                PROVIDE (__end_noinit_RAM4 = .)
                [!provide]                PROVIDE (__end_noinit_SRAM_ITC = .)

.noinit         0x20200a78        0x0
                0x20200a78                _noinit = .
                [!provide]                PROVIDE (__start_noinit_RAM = .)
                [!provide]                PROVIDE (__start_noinit_SRAM_OC = .)
 *(SORT_BY_ALIGNMENT(.noinit*))
                0x20200a78                . = ALIGN (0x4)
                0x20200a78                _end_noinit = .
                [!provide]                PROVIDE (__end_noinit_RAM = .)
                [!provide]                PROVIDE (__end_noinit_SRAM_OC = .)
                0x00000400                _HeapSize = 0x400

.heap           0x200012e8      0x400
                0x200012e8                _pvHeapStart = .
                0x200016e8                . = (. + _HeapSize)
 *fill*         0x200012e8      0x400 
                0x200016e8                . = ALIGN (0x4)
                0x200016e8                _pvHeapLimit = .
                0x00002000                _StackSize = 0x2000

.heap2stackfill
                0x200016e8     0x2000
                0x200036e8                . = (. + _StackSize)
 *fill*         0x200016e8     0x2000 

.stack          0x20006000        0x0
                0x20006000                _vStackBase = .
                0x20006000                . = ALIGN (0x4)
                0x20008000                _vStackTop = (. + _StackSize)
                0x60002000                _image_start = LOADADDR (.text)
                0x6000b088                _image_end = (LOADADDR (.data) + SIZEOF (.data))
                0x00009088                _image_size = (_image_end - _image_start)
OUTPUT(evkmimxrt1010_dev_cdc_vcom_bm.axf elf32-littlearm)

.debug_info     0x00000000    0x19299
 .debug_info    0x00000000      0x7e2 ./xip/evkmimxrt1010_flexspi_nor_config.o
 .debug_info    0x000007e2      0x5cb ./xip/fsl_flexspi_nor_boot.o
 .debug_info    0x00000dad      0xa20 ./utilities/fsl_debug_console.o
 .debug_info    0x000017cd      0x55e ./utilities/fsl_str.o
 .debug_info    0x00001d2b      0x871 ./usb/phy/usb_phy.o
 .debug_info    0x0000259c     0x1d43 ./usb/device/source/ehci/usb_device_ehci.o
 .debug_info    0x000042df     0x1621 ./usb/device/source/usb_device_ch9.o
 .debug_info    0x00005900     0x1350 ./usb/device/source/usb_device_dci.o
 .debug_info    0x00006c50     0x128c ./usb/device/class/cdc/usb_device_cdc_acm.o
 .debug_info    0x00007edc      0xf2e ./usb/device/class/usb_device_class.o
 .debug_info    0x00008e0a      0x81b ./startup/startup_mimxrt1011.o
 .debug_info    0x00009625       0x3c ./source/semihost_hardfault.o
 .debug_info    0x00009661      0xf90 ./source/usb_device_descriptor.o
 .debug_info    0x0000a5f1     0x2690 ./source/virtual_com.o
 .debug_info    0x0000cc81      0xf79 ./osa/usb_osa_bm.o
 .debug_info    0x0000dbfa     0x1a9f ./drivers/fsl_clock.o
 .debug_info    0x0000f699     0x150a ./drivers/fsl_flexio.o
 .debug_info    0x00010ba3     0x163f ./drivers/fsl_flexio_logic.o
 .debug_info    0x000121e2     0x1e45 ./drivers/fsl_lpuart.o
 .debug_info    0x00014027      0xc90 ./device/system_MIMXRT1011.o
 .debug_info    0x00014cb7      0x9ec ./component/uart/lpuart_adapter.o
 .debug_info    0x000156a3      0x8b1 ./component/serial_manager/serial_manager.o
 .debug_info    0x00015f54      0x503 ./component/serial_manager/serial_port_uart.o
 .debug_info    0x00016457     0x12ea ./board/board.o
 .debug_info    0x00017741     0x14a8 ./board/clock_config.o
 .debug_info    0x00018be9      0x6b0 ./board/pin_mux.o

.debug_abbrev   0x00000000     0x3815
 .debug_abbrev  0x00000000      0x14c ./xip/evkmimxrt1010_flexspi_nor_config.o
 .debug_abbrev  0x0000014c      0x13f ./xip/fsl_flexspi_nor_boot.o
 .debug_abbrev  0x0000028b      0x20b ./utilities/fsl_debug_console.o
 .debug_abbrev  0x00000496      0x1b3 ./utilities/fsl_str.o
 .debug_abbrev  0x00000649      0x1bf ./usb/phy/usb_phy.o
 .debug_abbrev  0x00000808      0x373 ./usb/device/source/ehci/usb_device_ehci.o
 .debug_abbrev  0x00000b7b      0x21a ./usb/device/source/usb_device_ch9.o
 .debug_abbrev  0x00000d95      0x1ed ./usb/device/source/usb_device_dci.o
 .debug_abbrev  0x00000f82      0x1d8 ./usb/device/class/cdc/usb_device_cdc_acm.o
 .debug_abbrev  0x0000115a      0x1cd ./usb/device/class/usb_device_class.o
 .debug_abbrev  0x00001327      0x147 ./startup/startup_mimxrt1011.o
 .debug_abbrev  0x0000146e       0x31 ./source/semihost_hardfault.o
 .debug_abbrev  0x0000149f      0x1a5 ./source/usb_device_descriptor.o
 .debug_abbrev  0x00001644      0x40c ./source/virtual_com.o
 .debug_abbrev  0x00001a50      0x2d7 ./osa/usb_osa_bm.o
 .debug_abbrev  0x00001d27      0x378 ./drivers/fsl_clock.o
 .debug_abbrev  0x0000209f      0x311 ./drivers/fsl_flexio.o
 .debug_abbrev  0x000023b0      0x345 ./drivers/fsl_flexio_logic.o
 .debug_abbrev  0x000026f5      0x364 ./drivers/fsl_lpuart.o
 .debug_abbrev  0x00002a59      0x1c7 ./device/system_MIMXRT1011.o
 .debug_abbrev  0x00002c20      0x1c3 ./component/uart/lpuart_adapter.o
 .debug_abbrev  0x00002de3      0x240 ./component/serial_manager/serial_manager.o
 .debug_abbrev  0x00003023      0x160 ./component/serial_manager/serial_port_uart.o
 .debug_abbrev  0x00003183      0x2f2 ./board/board.o
 .debug_abbrev  0x00003475      0x218 ./board/clock_config.o
 .debug_abbrev  0x0000368d      0x188 ./board/pin_mux.o

.debug_aranges  0x00000000      0xee0
 .debug_aranges
                0x00000000       0x18 ./xip/evkmimxrt1010_flexspi_nor_config.o
 .debug_aranges
                0x00000018       0x18 ./xip/fsl_flexspi_nor_boot.o
 .debug_aranges
                0x00000030       0x80 ./utilities/fsl_debug_console.o
 .debug_aranges
                0x000000b0       0x38 ./utilities/fsl_str.o
 .debug_aranges
                0x000000e8       0x40 ./usb/phy/usb_phy.o
 .debug_aranges
                0x00000128       0xb8 ./usb/device/source/ehci/usb_device_ehci.o
 .debug_aranges
                0x000001e0       0x78 ./usb/device/source/usb_device_ch9.o
 .debug_aranges
                0x00000258       0xc8 ./usb/device/source/usb_device_dci.o
 .debug_aranges
                0x00000320       0x78 ./usb/device/class/cdc/usb_device_cdc_acm.o
 .debug_aranges
                0x00000398       0x68 ./usb/device/class/usb_device_class.o
 .debug_aranges
                0x00000400      0x2e0 ./startup/startup_mimxrt1011.o
 .debug_aranges
                0x000006e0       0x20 ./source/semihost_hardfault.o
 .debug_aranges
                0x00000700       0x38 ./source/usb_device_descriptor.o
 .debug_aranges
                0x00000738       0xa0 ./source/virtual_com.o
 .debug_aranges
                0x000007d8       0xe0 ./osa/usb_osa_bm.o
 .debug_aranges
                0x000008b8      0x120 ./drivers/fsl_clock.o
 .debug_aranges
                0x000009d8       0xc0 ./drivers/fsl_flexio.o
 .debug_aranges
                0x00000a98       0xb0 ./drivers/fsl_flexio_logic.o
 .debug_aranges
                0x00000b48      0x140 ./drivers/fsl_lpuart.o
 .debug_aranges
                0x00000c88       0x30 ./device/system_MIMXRT1011.o
 .debug_aranges
                0x00000cb8       0x40 ./component/uart/lpuart_adapter.o
 .debug_aranges
                0x00000cf8       0x98 ./component/serial_manager/serial_manager.o
 .debug_aranges
                0x00000d90       0x38 ./component/serial_manager/serial_port_uart.o
 .debug_aranges
                0x00000dc8       0x60 ./board/board.o
 .debug_aranges
                0x00000e28       0x70 ./board/clock_config.o
 .debug_aranges
                0x00000e98       0x48 ./board/pin_mux.o

.debug_macro    0x00000000    0x1ffa3
 .debug_macro   0x00000000      0x118 ./xip/evkmimxrt1010_flexspi_nor_config.o
 .debug_macro   0x00000118      0xae4 ./xip/evkmimxrt1010_flexspi_nor_config.o
 .debug_macro   0x00000bfc       0x10 ./xip/evkmimxrt1010_flexspi_nor_config.o
 .debug_macro   0x00000c0c      0x12e ./xip/evkmimxrt1010_flexspi_nor_config.o
 .debug_macro   0x00000d3a      0x5b3 ./xip/evkmimxrt1010_flexspi_nor_config.o
 .debug_macro   0x000012ed       0x22 ./xip/evkmimxrt1010_flexspi_nor_config.o
 .debug_macro   0x0000130f       0x16 ./xip/evkmimxrt1010_flexspi_nor_config.o
 .debug_macro   0x00001325       0x22 ./xip/evkmimxrt1010_flexspi_nor_config.o
 .debug_macro   0x00001347       0x10 ./xip/evkmimxrt1010_flexspi_nor_config.o
 .debug_macro   0x00001357       0x4d ./xip/evkmimxrt1010_flexspi_nor_config.o
 .debug_macro   0x000013a4       0x1c ./xip/evkmimxrt1010_flexspi_nor_config.o
 .debug_macro   0x000013c0       0x22 ./xip/evkmimxrt1010_flexspi_nor_config.o
 .debug_macro   0x000013e2       0xd8 ./xip/evkmimxrt1010_flexspi_nor_config.o
 .debug_macro   0x000014ba     0x1305 ./xip/evkmimxrt1010_flexspi_nor_config.o
 .debug_macro   0x000027bf      0x11f ./xip/evkmimxrt1010_flexspi_nor_config.o
 .debug_macro   0x000028de       0x20 ./xip/evkmimxrt1010_flexspi_nor_config.o
 .debug_macro   0x000028fe       0x1c ./xip/evkmimxrt1010_flexspi_nor_config.o
 .debug_macro   0x0000291a    0x194f4 ./xip/evkmimxrt1010_flexspi_nor_config.o
 .debug_macro   0x0001be0e      0x54e ./xip/evkmimxrt1010_flexspi_nor_config.o
 .debug_macro   0x0001c35c       0xd7 ./xip/evkmimxrt1010_flexspi_nor_config.o
 .debug_macro   0x0001c433      0x193 ./xip/evkmimxrt1010_flexspi_nor_config.o
 .debug_macro   0x0001c5c6      0x1a4 ./xip/evkmimxrt1010_flexspi_nor_config.o
 .debug_macro   0x0001c76a      0x13f ./xip/fsl_flexspi_nor_boot.o
 .debug_macro   0x0001c8a9       0xca ./xip/fsl_flexspi_nor_boot.o
 .debug_macro   0x0001c973       0x10 ./xip/fsl_flexspi_nor_boot.o
 .debug_macro   0x0001c983      0x136 ./xip/fsl_flexspi_nor_boot.o
 .debug_macro   0x0001cab9       0x7c ./xip/fsl_flexspi_nor_boot.o
 .debug_macro   0x0001cb35      0x17b ./utilities/fsl_debug_console.o
 .debug_macro   0x0001ccb0       0x16 ./utilities/fsl_debug_console.o
 .debug_macro   0x0001ccc6       0x10 ./utilities/fsl_debug_console.o
 .debug_macro   0x0001ccd6       0x28 ./utilities/fsl_debug_console.o
 .debug_macro   0x0001ccfe       0x56 ./utilities/fsl_debug_console.o
 .debug_macro   0x0001cd54       0x34 ./utilities/fsl_debug_console.o
 .debug_macro   0x0001cd88      0x122 ./utilities/fsl_str.o
 .debug_macro   0x0001ceaa       0xc4 ./utilities/fsl_str.o
 .debug_macro   0x0001cf6e       0x1c ./utilities/fsl_str.o
 .debug_macro   0x0001cf8a      0x14d ./usb/phy/usb_phy.o
 .debug_macro   0x0001d0d7       0xd8 ./usb/phy/usb_phy.o
 .debug_macro   0x0001d1af       0x1c ./usb/phy/usb_phy.o
 .debug_macro   0x0001d1cb       0x1c ./usb/phy/usb_phy.o
 .debug_macro   0x0001d1e7      0x1b7 ./usb/phy/usb_phy.o
 .debug_macro   0x0001d39e      0x2c7 ./usb/phy/usb_phy.o
 .debug_macro   0x0001d665       0x28 ./usb/phy/usb_phy.o
 .debug_macro   0x0001d68d      0x167 ./usb/device/source/ehci/usb_device_ehci.o
 .debug_macro   0x0001d7f4       0xbe ./usb/device/source/ehci/usb_device_ehci.o
 .debug_macro   0x0001d8b2       0x2f ./usb/device/source/ehci/usb_device_ehci.o
 .debug_macro   0x0001d8e1       0x10 ./usb/device/source/ehci/usb_device_ehci.o
 .debug_macro   0x0001d8f1       0xa6 ./usb/device/source/ehci/usb_device_ehci.o
 .debug_macro   0x0001d997      0x170 ./usb/device/source/usb_device_ch9.o
 .debug_macro   0x0001db07       0x10 ./usb/device/source/usb_device_ch9.o
 .debug_macro   0x0001db17       0x3a ./usb/device/source/usb_device_ch9.o
 .debug_macro   0x0001db51      0x176 ./usb/device/source/usb_device_dci.o
 .debug_macro   0x0001dcc7      0x173 ./usb/device/class/cdc/usb_device_cdc_acm.o
 .debug_macro   0x0001de3a      0x160 ./usb/device/class/cdc/usb_device_cdc_acm.o
 .debug_macro   0x0001df9a      0x170 ./usb/device/class/usb_device_class.o
 .debug_macro   0x0001e10a       0x29 ./startup/startup_mimxrt1011.o
 .debug_macro   0x0001e133       0x11 ./source/semihost_hardfault.o
 .debug_macro   0x0001e144      0x170 ./source/usb_device_descriptor.o
 .debug_macro   0x0001e2b4      0x286 ./source/usb_device_descriptor.o
 .debug_macro   0x0001e53a      0x237 ./source/virtual_com.o
 .debug_macro   0x0001e771       0x1c ./source/virtual_com.o
 .debug_macro   0x0001e78d       0x70 ./source/virtual_com.o
 .debug_macro   0x0001e7fd       0xd2 ./source/virtual_com.o
 .debug_macro   0x0001e8cf       0x5e ./source/virtual_com.o
 .debug_macro   0x0001e92d      0x165 ./osa/usb_osa_bm.o
 .debug_macro   0x0001ea92      0x103 ./drivers/fsl_clock.o
 .debug_macro   0x0001eb95      0x118 ./drivers/fsl_flexio.o
 .debug_macro   0x0001ecad      0x11b ./drivers/fsl_flexio_logic.o
 .debug_macro   0x0001edc8       0x22 ./drivers/fsl_flexio_logic.o
 .debug_macro   0x0001edea      0x113 ./drivers/fsl_lpuart.o
 .debug_macro   0x0001eefd       0xa7 ./device/system_MIMXRT1011.o
 .debug_macro   0x0001efa4      0x10f ./component/uart/lpuart_adapter.o
 .debug_macro   0x0001f0b3       0x10 ./component/uart/lpuart_adapter.o
 .debug_macro   0x0001f0c3       0x22 ./component/uart/lpuart_adapter.o
 .debug_macro   0x0001f0e5      0x136 ./component/serial_manager/serial_manager.o
 .debug_macro   0x0001f21b      0x127 ./component/serial_manager/serial_port_uart.o
 .debug_macro   0x0001f342       0x22 ./component/serial_manager/serial_port_uart.o
 .debug_macro   0x0001f364      0x14d ./board/board.o
 .debug_macro   0x0001f4b1       0xd0 ./board/board.o
 .debug_macro   0x0001f581      0x7fd ./board/board.o
 .debug_macro   0x0001fd7e      0x115 ./board/clock_config.o
 .debug_macro   0x0001fe93      0x110 ./board/pin_mux.o

.debug_line     0x00000000     0xed6c
 .debug_line    0x00000000      0x3c9 ./xip/evkmimxrt1010_flexspi_nor_config.o
 .debug_line    0x000003c9      0x43f ./xip/fsl_flexspi_nor_boot.o
 .debug_line    0x00000808      0x7ae ./utilities/fsl_debug_console.o
 .debug_line    0x00000fb6      0xa67 ./utilities/fsl_str.o
 .debug_line    0x00001a1d      0x633 ./usb/phy/usb_phy.o
 .debug_line    0x00002050     0x15f0 ./usb/device/source/ehci/usb_device_ehci.o
 .debug_line    0x00003640      0xccb ./usb/device/source/usb_device_ch9.o
 .debug_line    0x0000430b      0xcc2 ./usb/device/source/usb_device_dci.o
 .debug_line    0x00004fcd      0xf84 ./usb/device/class/cdc/usb_device_cdc_acm.o
 .debug_line    0x00005f51      0xaf1 ./usb/device/class/usb_device_class.o
 .debug_line    0x00006a42      0x87d ./startup/startup_mimxrt1011.o
 .debug_line    0x000072bf       0x5a ./source/semihost_hardfault.o
 .debug_line    0x00007319      0x84a ./source/usb_device_descriptor.o
 .debug_line    0x00007b63     0x1032 ./source/virtual_com.o
 .debug_line    0x00008b95      0xacb ./osa/usb_osa_bm.o
 .debug_line    0x00009660      0xb96 ./drivers/fsl_clock.o
 .debug_line    0x0000a1f6      0x7b5 ./drivers/fsl_flexio.o
 .debug_line    0x0000a9ab      0x82b ./drivers/fsl_flexio_logic.o