usb_device_ehci.c:147:13:USB_DeviceEhciSetDefaultState	32	static
usb_device_ehci.c:219:21:USB_DeviceEhciEndpointInit	32	static
usb_device_ehci.c:303:21:USB_DeviceEhciEndpointDeinit	24	static
usb_device_ehci.c:350:21:USB_DeviceEhciEndpointStall	24	static
usb_device_ehci.c:398:21:USB_DeviceEhciEndpointUnstall	24	static
usb_device_ehci.c:429:13:USB_DeviceEhciFillSetupBuffer	24	static
usb_device_ehci.c:466:13:USB_DeviceEhciCancelControlPipe	40	static
usb_device_ehci.c:546:13:USB_DeviceEhciInterruptTokenDone	56	static
usb_device_ehci.c:758:13:USB_DeviceEhciInterruptPortChange	32	static
usb_device_ehci.c:808:13:USB_DeviceEhciInterruptReset	32	static
usb_device_ehci.c:850:13:USB_DeviceEhciInterruptSof	16	static
usb_device_ehci.c:896:21:USB_DeviceEhciTransfer	80	static
usb_device_ehci.c:1096:7:USB_EhciGetValidEhciState	24	static
usb_device_ehci.c:1182:14:USB_DeviceEhciInit	40	static
usb_device_ehci.c:1307:14:USB_DeviceEhciDeinit	24	static
usb_device_ehci.c:1360:14:USB_DeviceEhciSend	24	static
usb_device_ehci.c:1392:14:USB_DeviceEhciRecv	24	static
usb_device_ehci.c:1414:14:USB_DeviceEhciCancel	48	static
usb_device_ehci.c:1542:14:USB_DeviceEhciControl	48	static
usb_device_ehci.c:1784:6:USB_DeviceEhciIsrFunction	32	static
