fsl_common.h:510:28:DisableGlobalIRQ	16	static
fsl_common.h:541:24:EnableGlobalIRQ	24	static
usb_osa_bm.c:76:7:USB_OsaMemoryAllocate	32	static
usb_osa_bm.c:90:6:USB_OsaMemoryFree	16	static
usb_osa_bm.c:95:6:USB_OsaEnterCritical	16	static
usb_osa_bm.c:103:6:USB_OsaExitCritical	16	static
usb_osa_bm.c:108:18:USB_OsaEventCreate	32	static
usb_osa_bm.c:142:18:USB_OsaEventDestroy	24	static
usb_osa_bm.c:157:18:USB_OsaEventSet	24	static
usb_osa_bm.c:172:18:USB_OsaEventWait	40	static
usb_osa_bm.c:213:18:USB_OsaEventCheck	40	static
usb_osa_bm.c:240:18:USB_OsaEventClear	32	static
usb_osa_bm.c:257:18:USB_OsaSemCreate	32	static
usb_osa_bm.c:289:18:USB_OsaSemDestroy	24	static
usb_osa_bm.c:304:18:USB_OsaSemPost	24	static
usb_osa_bm.c:320:18:USB_OsaSemWait	24	static
usb_osa_bm.c:344:18:USB_OsaMutexCreate	16	static
usb_osa_bm.c:354:18:USB_OsaMutexDestroy	16	static
usb_osa_bm.c:358:18:USB_OsaMutexLock	16	static
usb_osa_bm.c:362:18:USB_OsaMutexUnlock	16	static
usb_osa_bm.c:367:18:USB_OsaMsgqCreate	40	static
usb_osa_bm.c:402:18:USB_OsaMsgqDestroy	24	static
usb_osa_bm.c:417:18:USB_OsaMsgqSend	40	static
usb_osa_bm.c:460:18:USB_OsaMsgqRecv	48	static
usb_osa_bm.c:498:18:USB_OsaMsgqCheck	32	static
