usb_device_dci.c:104:21:USB_DeviceAllocateHandle	24	static
usb_device_dci.c:143:21:USB_DeviceFreeHandle	24	static
usb_device_dci.c:195:21:USB_DeviceGetControllerInterface	24	static
usb_device_dci.c:258:21:USB_DeviceTransfer	48	static
usb_device_dci.c:339:21:USB_DeviceControl	32	static
usb_device_dci.c:372:21:USB_DeviceResetNotification	24	static
usb_device_dci.c:569:21:USB_DeviceNotification	40	static
usb_device_dci.c:654:14:USB_DeviceNotificationTrigger	24	static
usb_device_dci.c:710:14:USB_DeviceInit	40	static
usb_device_dci.c:809:14:USB_DeviceRun	16	static
usb_device_dci.c:825:14:USB_DeviceStop	16	static
usb_device_dci.c:839:14:USB_DeviceDeinit	24	static
usb_device_dci.c:893:14:USB_DeviceSendRequest	24	static
usb_device_dci.c:924:14:USB_DeviceRecvRequest	24	static
usb_device_dci.c:943:14:USB_DeviceCancel	24	static
usb_device_dci.c:982:14:USB_DeviceInitEndpoint	32	static
usb_device_dci.c:1032:14:USB_DeviceDeinitEndpoint	24	static
usb_device_dci.c:1086:14:USB_DeviceStallEndpoint	16	static
usb_device_dci.c:1111:14:USB_DeviceUnstallEndpoint	16	static
usb_device_dci.c:1138:14:USB_DeviceGetStatus	32	static
usb_device_dci.c:1201:14:USB_DeviceSetStatus	32	static
usb_device_dci.c:1337:6:USB_DeviceGetVersion	16	static
