fsl_clock.h:781:20:CLOCK_ControlGate	32	static
fsl_clock.h:798:20:CLOCK_EnableClock	16	static
fsl_clock.h:808:20:CLOCK_DisableClock	16	static
fsl_flexio.h:375:20:FLEXIO_Enable	16	static
fsl_flexio.c:52:10:FLEXIO_GetInstance	24	static
fsl_flexio.c:88:6:FLEXIO_Init	24	static
fsl_flexio.c:117:6:FLEXIO_Deinit	16	static
fsl_flexio.c:137:6:FLEXIO_GetDefaultConfig	16	static
fsl_flexio.c:155:6:FLEXIO_Reset	16	static
fsl_flexio.c:170:10:FLEXIO_GetShifterBufferAddress	24	static
fsl_flexio.c:243:6:FLEXIO_SetShifterConfig	24	static
fsl_flexio.c:288:6:FLEXIO_SetTimerConfig	24	static
fsl_flexio.c:314:10:FLEXIO_RegisterHandleIRQ	32	static
fsl_flexio.c:352:10:FLEXIO_UnregisterHandleIRQ	24	static
fsl_flexio.c:381:6:FLEXIO_CommonIRQHandler	16	static
fsl_flexio.c:399:6:FLEXIO_DriverIRQHandler	8	static
fsl_flexio.c:404:6:FLEXIO0_DriverIRQHandler	8	static
fsl_flexio.c:409:6:FLEXIO1_DriverIRQHandler	8	static
fsl_flexio.c:414:6:UART2_FLEXIO_DriverIRQHandler	8	static
fsl_flexio.c:419:6:FLEXIO2_DriverIRQHandler	8	static
fsl_flexio.c:424:6:FLEXIO3_DriverIRQHandler	8	static
