core_cm7.h:1902:22:__NVIC_EnableIRQ	16	static
fsl_common.h:442:28:EnableIRQ	16	static
fsl_flexio.h:486:20:FLEXIO_EnableShifterStatusInterrupts	16	static
fsl_flexio.h:499:20:FLEXIO_DisableShifterStatusInterrupts	16	static
fsl_flexio.h:569:24:FLEXIO_GetShifterStatusFlags	16	static
fsl_flexio.h:582:20:FLEXIO_ClearShifterStatusFlags	16	static
fsl_flexio.h:606:20:FLEXIO_ClearShifterErrorFlags	16	static
fsl_flexio.h:630:20:FLEXIO_ClearTimerStatusFlags	16	static
fsl_flexio_logic.c:46:17:FLEXIO_LOGIC_GetInstance	16	static
fsl_flexio_logic.c:61:6:FLEXIO_LOGIC_GetDefaultConfig	16	static
fsl_flexio_logic.c:73:6:FLEXIO_LOGIC_Init	96	static
fsl_flexio_logic.c:200:6:FLEXIO_LOGIC_ReadBlocking	32	static
fsl_flexio_logic.c:223:10:FLEXIO_LOGIC_TransferCreateHandle	32	static
fsl_flexio_logic.c:250:6:FLEXIO_LOGIC_TransferHandleIRQ	16	static
fsl_flexio_logic.c:265:6:FLEXIO_LOGIC_Deinit	24	static
fsl_flexio_logic.c:289:10:FLEXIO_LOGIC_GetStatusFlags	24	static
fsl_flexio_logic.c:306:6:FLEXIO_LOGIC_ClearStatusFlags	16	static
fsl_flexio_logic.c:324:6:FLEXIO_LOGIC_EnableInterrupt	16	static
fsl_flexio_logic.c:335:6:FLEXIO_LOGIC_DisableInterrupt	16	static
